!_TAG_FILE_FORMAT	1	/original ctags format/
!_TAG_FILE_SORTED	0	/0=unsorted, 1=sorted, 2=foldcase/
!_TAG_PROGRAM_AUTHOR	Darren Hiebert	/dhiebert@users.sourceforge.net/
!_TAG_PROGRAM_NAME	Exuberant Ctags	//
!_TAG_PROGRAM_URL	http://ctags.sourceforge.net	/official site/
!_TAG_PROGRAM_VERSION	Development	//
68hc11.asm	Test/68hc11.asm	1
INTERRUPTS	Test/68hc11.asm	1
PORTD	Test/68hc11.asm	3
SP	Test/68hc11.asm	5
TRAPP	Test/68hc11.asm	7
PROMPT	Test/68hc11.asm	12
COLD	Test/68hc11.asm	16
sym1	Test/68hc11.asm	20
sym2	Test/68hc11.asm	21
sym3	Test/68hc11.asm	22
sym4	Test/68hc11.asm	23
property.cs	Test/property.cs	1
Employee	Test/property.cs	4
numberOfEmployees	Test/property.cs	6
Employee.numberOfEmployees	Test/property.cs	6
counter	Test/property.cs	7
Employee.counter	Test/property.cs	7
name	Test/property.cs	8
Employee.name	Test/property.cs	8
Name	Test/property.cs	11
Employee.Name	Test/property.cs	11
Counter	Test/property.cs	24
Employee.Counter	Test/property.cs	24
Employee	Test/property.cs	33
Employee.Employee	Test/property.cs	33
MainClass	Test/property.cs	40
Main	Test/property.cs	42
MainClass.Main	Test/property.cs	42
intro.tex	Test/intro.tex	1
chapter text	Test/intro.tex	5
chapter1-intro.inc	Test/intro.tex	6
section1 text	Test/intro.tex	7
Introduction	Test/intro.tex	10
Part1	Test/intro.tex	11
subsection2	Test/intro.tex	14
subsubsection3 with extra text	Test/intro.tex	17
short section4	Test/intro.tex	20
short para1	Test/intro.tex	21
long paragraph2	Test/intro.tex	22
Part2	Test/intro.tex	25
shorter intro2	Test/intro.tex	26
subsec5 text	Test/intro.tex	29
short subpara1	Test/intro.tex	30
long subparagraph2	Test/intro.tex	31
subsubsection6 with extra text	Test/intro.tex	34
chapter2	Test/intro.tex	37
chapter2-intro.inc	Test/intro.tex	38
bug3168705.py	Test/bug3168705.py	1
A	Test/bug3168705.py	1
func1	Test/bug3168705.py	2
func2	Test/bug3168705.py	7
common.f	Test/common.f	1
main	Test/common.f	1
common1	Test/common.f	2
common2	Test/common.f	3
common3	Test/common.f	3
bug816636.sml	Test/bug816636.sml	1
f	Test/bug816636.sml	21
g	Test/bug816636.sml	23
bug2049723.java	Test/bug2049723.java	1
bug2049723	Test/bug2049723.java	3
m1	Test/bug2049723.java	4
bug2049723.m1	Test/bug2049723.java	4
m2	Test/bug2049723.java	5
bug2049723.m2	Test/bug2049723.java	5
simple.sh	Test/simple.sh	1
f1	Test/simple.sh	3
f2	Test/simple.sh	6
_a_b	Test/simple.sh	9
bug612019.pas	Test/bug612019.pas	1
Test1	Test/bug612019.pas	26
Test2	Test/bug612019.pas	27
Test3	Test/bug612019.pas	28
bug1809024.py	Test/bug1809024.py	1
detach	Test/bug1809024.py	1
simple.bas	Test/simple.bas	1
one	Test/simple.bas	3
a	Test/simple.bas	5
b	Test/simple.bas	6
str	Test/simple.bas	7
test	Test/simple.bas	9
f	Test/simple.bas	14
start	Test/simple.bas	18
countall.sql	Test/countall.sql	1
t_c1_tname	Test/countall.sql	13
t_command	Test/countall.sql	14
t_cid	Test/countall.sql	15
t_total_records	Test/countall.sql	16
stat	Test/countall.sql	17
row_count	Test/countall.sql	18
t_limit	Test/countall.sql	19
c1	Test/countall.sql	20
simple.vr	Test/simple.vr	1
DEFAULT_INT	Test/simple.vr	2
DEFAULT_BIT	Test/simple.vr	3
main	Test/simple.vr	7
ExampleClass	Test/simple.vr	39
m_int	Test/simple.vr	40
ExampleClassm_int	Test/simple.vr	40
m_bit	Test/simple.vr	41
ExampleClassm_bit	Test/simple.vr	41
m_data	Test/simple.vr	42
ExampleClassm_data	Test/simple.vr	42
m_sName	Test/simple.vr	43
ExampleClassm_sName	Test/simple.vr	43
m_eTrigger	Test/simple.vr	44
ExampleClassm_eTrigger	Test/simple.vr	44
new	Test/simple.vr	46
ExampleClassnew	Test/simple.vr	46
setInt	Test/simple.vr	51
ExampleClasssetInt	Test/simple.vr	51
getInt	Test/simple.vr	55
ExampleClassgetInt	Test/simple.vr	55
setBit	Test/simple.vr	59
ExampleClasssetBit	Test/simple.vr	59
getBit	Test/simple.vr	63
ExampleClassgetBit	Test/simple.vr	63
setData	Test/simple.vr	67
ExampleClasssetData	Test/simple.vr	67
getData	Test/simple.vr	71
ExampleClassgetData	Test/simple.vr	71
setName	Test/simple.vr	75
ExampleClasssetName	Test/simple.vr	75
getName	Test/simple.vr	79
ExampleClassgetName	Test/simple.vr	79
wait	Test/simple.vr	83
ExampleClasswait	Test/simple.vr	83
trigger	Test/simple.vr	87
ExampleClasstrigger	Test/simple.vr	87
setTrigger	Test/simple.vr	95
ExampleClasssetTrigger	Test/simple.vr	95
getTrigger	Test/simple.vr	99
ExampleClassgetTrigger	Test/simple.vr	99
bug1764143.h	Test/bug1764143.h	1
omap1_arch_reset	Test/bug1764143.h	1
arch_reset	Test/bug1764143.h	19
auto.f	Test/auto.f	1
AUTO_TEST	Test/auto.f	2
P	Test/auto.f	4
D	Test/auto.f	4
Q	Test/auto.f	4
bug1563476.cpp	Test/bug1563476.cpp	1
g	Test/bug1563476.cpp	1
IntroduceBitDef	Test/bug1563476.cpp	5
keyword_explicit.cs	Test/keyword_explicit.cs	1
Digit	Test/keyword_explicit.cs	3
value	Test/keyword_explicit.cs	5
Digit.value	Test/keyword_explicit.cs	5
Digit	Test/keyword_explicit.cs	6
Digit.Digit	Test/keyword_explicit.cs	6
operator Digit	Test/keyword_explicit.cs	13
Digit.operator Digit	Test/keyword_explicit.cs	13
Test	Test/keyword_explicit.cs	20
Main	Test/keyword_explicit.cs	22
Test.Main	Test/keyword_explicit.cs	22
bug823000.sql	Test/bug823000.sql	1
TEST	Test/bug823000.sql	26
TEST.TestFunc1	Test/bug823000.sql	28
TEST.TestFunc2	Test/bug823000.sql	38
bug1458930.c	Test/bug1458930.c	1
x	Test/bug1458930.c	2
y	Test/bug1458930.c	3
union.f	Test/union.f	1
writedate	Test/union.f	1
start	Test/union.f	2
month	Test/union.f	5
day	Test/union.f	6
year	Test/union.f	7
date	Test/union.f	10
sdate	Test/union.f	14
10	Test/union.f	19
bug1691412.java	Test/bug1691412.java	1
C	Test/bug1691412.java	1
newInstance	Test/bug1691412.java	4
C.newInstance	Test/bug1691412.java	4
toString	Test/bug1691412.java	11
C.toString	Test/bug1691412.java	11
CustomAnnotation	Test/bug1691412.java	16
bug1515910.cs	Test/bug1515910.cs	1
MyGenericClass1	Test/bug1515910.cs	2
Enum1	Test/bug1515910.cs	5
Value1	Test/bug1515910.cs	6
Values	Test/bug1515910.cs	6
C	Test/bug1515910.cs	10
str1	Test/bug1515910.cs	11
C.str1	Test/bug1515910.cs	11
int1	Test/bug1515910.cs	12
C.int1	Test/bug1515910.cs	12
str2	Test/bug1515910.cs	13
C.str2	Test/bug1515910.cs	13
str3	Test/bug1515910.cs	14
C.str3	Test/bug1515910.cs	14
rojas.h	Test/rojas.h	1
FooBar	Test/rojas.h	11
afunc	Test/rojas.h	12
astruct	Test/rojas.h	13
m_member	Test/rojas.h	15
astruct::m_member	Test/rojas.h	15
astruct	Test/rojas.h	17
FFunc	Test/rojas.h	18
ocaml_empty.ml	Test/ocaml_empty.ml	1
Ocaml_empty	Test/ocaml_empty.ml	1
recursive.f95	Test/recursive.f95	1
approx	Test/recursive.f95	2
y	Test/recursive.f95	31
parts	Test/recursive.f95	32
approx2	Test/recursive.f95	36
z	Test/recursive.f95	65
parts2	Test/recursive.f95	66
bug734933.f90	Test/bug734933.f90	1
MDCOMPONENTS	Test/bug734933.f90	1
LIM_COMPONENTS	Test/bug734933.f90	10
NUM_COMPONENTS	Test/bug734933.f90	11
NCOMP	Test/bug734933.f90	11
COMPONENT	Test/bug734933.f90	12
NAME	Test/bug734933.f90	13
NUM_PART	Test/bug734933.f90	14
PART_LIST	Test/bug734933.f90	15
COMPONENT_POINTER	Test/bug734933.f90	18
P	Test/bug734933.f90	19
COMP	Test/bug734933.f90	22
COMP_TMP	Test/bug734933.f90	23
COMPONENTS	Test/bug734933.f90	24
COMPONENTS_TMP	Test/bug734933.f90	24
ADD_COMPONENTS	Test/bug734933.f90	32
bug1585745.cpp	Test/bug1585745.cpp	1
~Class1	Test/bug1585745.cpp	2
Class1::~Class1	Test/bug1585745.cpp	2
~Class2	Test/bug1585745.cpp	3
Class2::~Class2	Test/bug1585745.cpp	3
~Class3	Test/bug1585745.cpp	4
Class3::~Class3	Test/bug1585745.cpp	4
~Class4	Test/bug1585745.cpp	5
Class4::~Class4	Test/bug1585745.cpp	5
Class5	Test/bug1585745.cpp	6
~Class5	Test/bug1585745.cpp	7
Class5::~Class5	Test/bug1585745.cpp	7
simple.asp	Test/simple.asp	1
constDecl	Test/simple.asp	4
lang_start	Test/simple.asp	6
lang_length	Test/simple.asp	7
HtmlCutout	Test/simple.asp	8
lang_swe	Test/simple.asp	10
f_translate_9data	Test/simple.asp	11
js_erroralert	Test/simple.asp	13
flex_comment.mxml	Test/flex_comment.mxml	1
bug2959889.mak	Test/bug2959889.mak	1
bug814263.java	Test/bug814263.java	1
bug814263	Test/bug814263.java	3
map1	Test/bug814263.java	4
bug814263.map1	Test/bug814263.java	4
map2	Test/bug814263.java	5
bug814263.map2	Test/bug814263.java	5
bug1856363.py	Test/bug1856363.py	1
main	Test/bug1856363.py	3
bug1611054.cs	Test/bug1611054.cs	1
C	Test/bug1611054.cs	1
a	Test/bug1611054.cs	2
C.a	Test/bug1611054.cs	2
b	Test/bug1611054.cs	6
C.b	Test/bug1611054.cs	6
bug681824.php	Test/bug681824.php	1
db_query	Test/bug681824.php	17
bug1988027.py	Test/bug1988027.py	1
simple.php	Test/simple.php	1
var	Test/simple.php	5
Var	Test/simple.php	6
_4site	Test/simple.php	10
täyte	Test/simple.php	11
CONSTANT	Test/simple.php	15
foo	Test/simple.php	20
Cart	Test/simple.php	26
items	Test/simple.php	28
add_item	Test/simple.php	32
remove_item	Test/simple.php	39
objectivec_property.h	Test/objectivec_property.h	1
m_name	Test/objectivec_property.h	4
m_age	Test/objectivec_property.h	6
personName	Test/objectivec_property.h	9
personAge	Test/objectivec_property.h	10
misc_types.f90	Test/misc_types.f90	1
testalloc	Test/misc_types.f90	2
base_type	Test/misc_types.f90	3
i2	Test/misc_types.f90	5
i3	Test/misc_types.f90	7
i4	Test/misc_types.f90	9
i5	Test/misc_types.f90	14
i6	Test/misc_types.f90	16
my_struct	Test/misc_types.f90	18
first_byte	Test/misc_types.f90	19
align_second_16	Test/misc_types.f90	21
i7	Test/misc_types.f90	24
the_struct	Test/misc_types.f90	26
i8	Test/misc_types.f90	27
list	Test/misc_types.f90	29
i	Test/misc_types.f90	30
status	Test/misc_types.f90	30
bug1111214.v	Test/bug1111214.v	1
wahoo	Test/bug1111214.v	15
simple.bb	Test/simple.bb	1
one#	Test/simple.bb	3
a	Test/simple.bb	5
b	Test/simple.bb	6
test	Test/simple.bb	8
f	Test/simple.bb	13
start	Test/simple.bb	17
keyword_struct.cs	Test/keyword_struct.cs	1
Point	Test/keyword_struct.cs	4
x	Test/keyword_struct.cs	6
Point.x	Test/keyword_struct.cs	6
y	Test/keyword_struct.cs	6
Point.y	Test/keyword_struct.cs	6
Point	Test/keyword_struct.cs	8
Point.Point	Test/keyword_struct.cs	8
MainClass	Test/keyword_struct.cs	15
Main	Test/keyword_struct.cs	17
MainClass.Main	Test/keyword_struct.cs	17
bug2886870.tex	Test/bug2886870.tex	1
Introduction	Test/bug2886870.tex	39
Equations	Test/bug2886870.tex	59
eq:ising	Test/bug2886870.tex	76
eq:fine	Test/bug2886870.tex	104
eq:mdiv	Test/bug2886870.tex	128
Tables	Test/bug2886870.tex	155
tab:5  tc	Test/bug2886870.tex	178
Lists	Test/bug2886870.tex	185
Figures	Test/bug2886870.tex	206
fig:typical	Test/bug2886870.tex	214
fig:lj	Test/bug2886870.tex	221
Literal text	Test/bug2886870.tex	229
Special Symbols	Test/bug2886870.tex	244
Common Greek letters	Test/bug2886870.tex	246
Test for ctags	Test/bug2886870.tex	265
Special symbols	Test/bug2886870.tex	266
color  red	Test/bug2886870.tex	304
label  morefig	Test/bug2886870.tex	309
fig:qm  complexfunctions	Test/bug2886870.tex	321
complex_decl.c	Test/complex_decl.c	1
ScanAction	Test/complex_decl.c	2
keyword_const.cs	Test/keyword_const.cs	1
ConstTest	Test/keyword_const.cs	4
MyClass	Test/keyword_const.cs	6
ConstTest.MyClass	Test/keyword_const.cs	6
x	Test/keyword_const.cs	8
ConstTest.MyClass.x	Test/keyword_const.cs	8
y	Test/keyword_const.cs	9
ConstTest.MyClass.y	Test/keyword_const.cs	9
c1	Test/keyword_const.cs	10
ConstTest.MyClass.c1	Test/keyword_const.cs	10
c2	Test/keyword_const.cs	11
ConstTest.MyClass.c2	Test/keyword_const.cs	11
MyClass	Test/keyword_const.cs	13
ConstTest.MyClass.MyClass	Test/keyword_const.cs	13
Main	Test/keyword_const.cs	20
ConstTest.Main	Test/keyword_const.cs	20
indexing.e	Test/indexing.e	1
simple.js	Test/simple.js	1
validFunctionOne	Test/simple.js	33
validFunctionTwo	Test/simple.js	35
innerThree	Test/simple.js	38
validFunctionThree	Test/simple.js	37
my_global_var1	Test/simple.js	41
validFunctionFour	Test/simple.js	43
my_global_var2	Test/simple.js	50
validFunctionFive	Test/simple.js	52
invalidInnerFunction	Test/simple.js	54
validFunctionSix	Test/simple.js	56
ValidClassOne	Test/simple.js	58
validMethodOne	Test/simple.js	63
validMethodTwo	Test/simple.js	64
validMethodThree	Test/simple.js	69
validMethodFour	Test/simple.js	72
ValidClassTwo	Test/simple.js	67
my_global_var4	Test/simple.js	75
my_global_var4	Test/simple.js	78
calculate	Test/simple.js	85
getHalfOf	Test/simple.js	83
my_global_var3	Test/simple.js	96
Database	Test/simple.js	98
getTodaysDate	Test/simple.js	98
executeQueryString	Test/simple.js	99
simple.vim	Test/simple.vim	1
g:var_global_scope	Test/simple.vim	3
s:var_script_scope	Test/simple.vim	4
var_script_default_scope	Test/simple.vim	5
forms#FT_TEXTFIELD	Test/simple.vim	6
forms#form	Test/simple.vim	7
$env_var	Test/simple.vim	14
uncompress	Test/simple.vim	28
SelectCmd	Test/simple.vim	40
DBSetOption	Test/simple.vim	41
NoSpaceBeforeContinue	Test/simple.vim	43
SpaceBeforeContinue	Test/simple.vim	45
ExtraLines	Test/simple.vim	49
Bar	Test/simple.vim	52
Foo	Test/simple.vim	59
IndentedFunction	Test/simple.vim	62
Foo_SID	Test/simple.vim	65
Foo_scolon	Test/simple.vim	68
validFuncLowerCaseInitialLetter	Test/simple.vim	71
mydict	Test/simple.vim	75
mydict.len	Test/simple.vim	76
autoloadFunc#subdirname#Funcname	Test/simple.vim	83
forms#form.addTextField	Test/simple.vim	87
E	Test/simple.vim	98
<F8>	Test/simple.vim	110
<Leader>scdt	Test/simple.vim	111
,,,	Test/simple.vim	112
(	Test/simple.vim	113
simple.pl	Test/simple.pl	1
A::B	Test/simple.pl	6
MySub	Test/simple.pl	7
A::B::MySub	Test/simple.pl	7
A	Test/simple.pl	8
A::B::A	Test/simple.pl	8
LABEL	Test/simple.pl	9
keyword_class.cs	Test/keyword_class.cs	1
Kid	Test/keyword_class.cs	4
age	Test/keyword_class.cs	6
Kid.age	Test/keyword_class.cs	6
name	Test/keyword_class.cs	7
Kid.name	Test/keyword_class.cs	7
Kid	Test/keyword_class.cs	10
Kid.Kid	Test/keyword_class.cs	10
Kid	Test/keyword_class.cs	16
Kid.Kid	Test/keyword_class.cs	16
PrintKid	Test/keyword_class.cs	23
Kid.PrintKid	Test/keyword_class.cs	23
MainClass	Test/keyword_class.cs	29
Main	Test/keyword_class.cs	31
MainClass.Main	Test/keyword_class.cs	31
cython_sample.pyx	Test/cython_sample.pyx	1
python_var	Test/cython_sample.pyx	4
int_identity	Test/cython_sample.pyx	11
int2string	Test/cython_sample.pyx	14
CDefClass	Test/cython_sample.pyx	18
__init__	Test/cython_sample.pyx	19
standard_method	Test/cython_sample.pyx	21
c_method	Test/cython_sample.pyx	23
identity	Test/cython_sample.pyx	27
StdClass	Test/cython_sample.pyx	31
return_me	Test/cython_sample.pyx	32
stdObj	Test/cython_sample.pyx	36
bug2374109.vhd	Test/bug2374109.vhd	1
Pow2	Test/bug2374109.vhd	1
bug1773926.cpp	Test/bug1773926.cpp	1
ERROR_HAPPENED	Test/bug1773926.cpp	3
OK	Test/bug1773926.cpp	4
NEXT_DEFINE	Test/bug1773926.cpp	5
main	Test/bug1773926.cpp	7
simple.lua	Test/simple.lua	1
test.me_12a	Test/simple.lua	5
test.i_123 	Test/simple.lua	10
bug1324663.sql	Test/bug1324663.sql	1
jsFunc_tutorial.js	Test/jsFunc_tutorial.js	1
D1	Test/jsFunc_tutorial.js	64
my_global_var1	Test/jsFunc_tutorial.js	70
D2	Test/jsFunc_tutorial.js	74
D2A	Test/jsFunc_tutorial.js	83
theAdd	Test/jsFunc_tutorial.js	83
add	Test/jsFunc_tutorial.js	91
D3	Test/jsFunc_tutorial.js	99
D4	Test/jsFunc_tutorial.js	105
D5	Test/jsFunc_tutorial.js	114
Ball1	Test/jsFunc_tutorial.js	132
Ball3	Test/jsFunc_tutorial.js	141
myFunction4	Test/jsFunc_tutorial.js	150
sayName4A	Test/jsFunc_tutorial.js	160
myFunction5	Test/jsFunc_tutorial.js	179
myFunction6	Test/jsFunc_tutorial.js	198
myFunction6E	Test/jsFunc_tutorial.js	204
myFunction6A	Test/jsFunc_tutorial.js	213
myFunction6AE	Test/jsFunc_tutorial.js	219
myFunction6B	Test/jsFunc_tutorial.js	228
savedFunc6B	Test/jsFunc_tutorial.js	233
calculate	Test/jsFunc_tutorial.js	244
getHalfOf7	Test/jsFunc_tutorial.js	242
calculate8	Test/jsFunc_tutorial.js	259
calculate	Test/jsFunc_tutorial.js	266
getHalfOf8	Test/jsFunc_tutorial.js	264
DT1	Test/jsFunc_tutorial.js	280
DT2	Test/jsFunc_tutorial.js	290
DT2A	Test/jsFunc_tutorial.js	302
DT3	Test/jsFunc_tutorial.js	315
DT4	Test/jsFunc_tutorial.js	333
DT5	Test/jsFunc_tutorial.js	344
DT6	Test/jsFunc_tutorial.js	363
getSalary	Test/jsFunc_tutorial.js	387
DT7	Test/jsFunc_tutorial.js	380
addSalaryFunction	Test/jsFunc_tutorial.js	393
getSalary	Test/jsFunc_tutorial.js	411
DT7A	Test/jsFunc_tutorial.js	404
getSalary	Test/jsFunc_tutorial.js	435
DT8	Test/jsFunc_tutorial.js	429
DT9	Test/jsFunc_tutorial.js	469
getSalaryFunctionDT9	Test/jsFunc_tutorial.js	478
addSalaryFunctionDT9	Test/jsFunc_tutorial.js	483
PT1	Test/jsFunc_tutorial.js	491
PT2	Test/jsFunc_tutorial.js	499
livesIn	Test/jsFunc_tutorial.js	504
price	Test/jsFunc_tutorial.js	505
PT3	Test/jsFunc_tutorial.js	510
getSalary	Test/jsFunc_tutorial.js	516
addSalary	Test/jsFunc_tutorial.js	521
moniker.x68	Test/moniker.x68	1
PRTSTR	Test/moniker.x68	12
READSTR	Test/moniker.x68	13
START	Test/moniker.x68	19
SURNAME	Test/moniker.x68	47
INITIAL	Test/moniker.x68	74
PRNSURNAME	Test/moniker.x68	79
QUIT	Test/moniker.x68	84
CHECK2	Test/moniker.x68	92
RETURNTRUE	Test/moniker.x68	99
RETURNFALSE	Test/moniker.x68	102
PROMPT1	Test/moniker.x68	110
PROMPT2	Test/moniker.x68	111
F_NAME	Test/moniker.x68	112
S_NAME	Test/moniker.x68	113
DUMMY	Test/moniker.x68	114
func_typedef.h	Test/func_typedef.h	1
symlist_t	Test/func_typedef.h	1
simple.html	Test/simple.html	1
commented_function2	Test/simple.html	9
message	Test/simple.html	12
simple_anchor	Test/simple.html	20
unquoted_anchor	Test/simple.html	21
prefixed_anchor	Test/simple.html	22
postfixed_anchor	Test/simple.html	23
commented_anchor	Test/simple.html	24
structure.f	Test/structure.f	1
uninitialized_structure	Test/structure.f	1
weather	Test/structure.f	2
month	Test/structure.f	3
day	Test/structure.f	3
year	Test/structure.f	3
clouds	Test/structure.f	4
rainfall	Test/structure.f	5
latest	Test/structure.f	7
initialized_structure	Test/structure.f	10
weather	Test/structure.f	11
month	Test/structure.f	12
day	Test/structure.f	12
year	Test/structure.f	12
clouds	Test/structure.f	13
rainfall	Test/structure.f	14
latest	Test/structure.f	16
nested_structure	Test/structure.f	21
top	Test/structure.f	22
nested	Test/structure.f	23
level2	Test/structure.f	23
level3a	Test/structure.f	24
level3b	Test/structure.f	24
a	Test/structure.f	25
3526726.tex	Test/3526726.tex	1
Background	Test/3526726.tex	107
How do you pronounce the names of some of these guys who work on Snort 	Test/3526726.tex	109
Is Fyodor Yarochkin the same Fyodor who wrote nmap 	Test/3526726.tex	115
Where do I get more help on Snort 	Test/3526726.tex	119
Where can I get more reading and courses about IDS  label  courses	Test/3526726.tex	125
Does Snort handle IP defragmentation 	Test/3526726.tex	166
Does Snort perform TCP stream reassembly 	Test/3526726.tex	170
Does Snort perform stateful protocol analysis 	Test/3526726.tex	175
I  m on a switched network  can I still use Snort 	Test/3526726.tex	179
Is Snort vulnerable to IDS noise generators like   Stick   and   Snot   	Test/3526726.tex	269
Can Snort be evaded by the use of polymorphic mutators on shellcode 	Test/3526726.tex	278
Does Snort log the full packets when it generates alerts 	Test/3526726.tex	285
Getting Started	Test/3526726.tex	292
Where do I find binary packages for BlueHat BSD-Linux-RT 	Test/3526726.tex	294
How do I run Snort 	Test/3526726.tex	322
Where are my log files located  What are they named 	Test/3526726.tex	352
Why does Snort complain about  var  log  snort 	Test/3526726.tex	365
Where  s a good place to physically put a Snort sensor 	Test/3526726.tex	373
Libpcap complains about permissions problems  what  s going on 	Test/3526726.tex	483
I  ve got RedHat and ....	Test/3526726.tex	488
Where do I get the latest version of libpcap 	Test/3526726.tex	492
Where do I get the latest version of Winpcap 	Test/3526726.tex	502
What version of Winpcap do I need  label  winpcap	Test/3526726.tex	506
Why does building Snort complain about missing references 	Test/3526726.tex	512
Why does building snort fail with errors about yylex and lex  _init 	Test/3526726.tex	517
I want to build a Snort box. Will this $  $Insert list of hardware$  $ handle $  $this much$  $ traffic 	Test/3526726.tex	522
What are CIDR netmasks 	Test/3526726.tex	563
What is the use of the   -r   switch to read tcpdump files 	Test/3526726.tex	605
Configuring Snort	Test/3526726.tex	613
How do I setup snort on a  stealth  interface 	Test/3526726.tex	615
stealth	Test/3526726.tex	615
How do I setup a receive-only ethernet cable 	Test/3526726.tex	647
What are HOME  _NET and EXTERNAL  _NET 	Test/3526726.tex	734
My network spans multiple subnets. How do I define HOME  _NET 	Test/3526726.tex	740
How do I set EXTERNAL  _NET 	Test/3526726.tex	758
How can I run Snort on multiple interfaces simultaneously 	Test/3526726.tex	775
My IP address is assigned dynamically to my interface  can I use Snort with it 	Test/3526726.tex	787
I have one network card and two aliases  how can I force Snort to   listen   on both addresses 	Test/3526726.tex	797
How do I ignore traffic coming from a particular host or hosts 	Test/3526726.tex	814
How do I get Snort to log the packet payload as well as the header 	Test/3526726.tex	872
Why are there no subdirectories under  var  log  snort for IP addresses 	Test/3526726.tex	879
How do you get Snort to ignore some traffic 	Test/3526726.tex	884
Why does the portscan plugin log   stealth   packets even though the host is in the portscan-ignorehosts list 	Test/3526726.tex	895
What the heck is a   Stealth scan   	Test/3526726.tex	903
What the heck is a SYNFIN scan 	Test/3526726.tex	927
Which takes precedence  commandline or rule file 	Test/3526726.tex	931
How does rule ordering work 	Test/3526726.tex	938
How do I configure stream4 	Test/3526726.tex	1114
stream4	Test/3526726.tex	1115
Where does one obtain new  modifed rules  How do you merge them in 	Test/3526726.tex	1141
How do I use a remote syslog machine 	Test/3526726.tex	1423
How do I get Snort and ACID working 	Test/3526726.tex	1459
How do I build this BASE thing 	Test/3526726.tex	1463
Rules and Alerts	Test/3526726.tex	1504
Errors loading rules files	Test/3526726.tex	1506
Snort says   Rule IP addr    1.1.1.1    didn  t x-late  WTF   	Test/3526726.tex	1528
Snort is behind a firewall  ipf  pf  ipchains  ipfilter  and awfully quiet...	Test/3526726.tex	1532
Does snort see packets filtered by IPTables  IPChains  IPF  PF 	Test/3526726.tex	1538
I  m getting large amounts of $  $some alerts type$  $. What should I do  Where can I go to find out more about it 	Test/3526726.tex	1555
What about all these false alarms 	Test/3526726.tex	1589
What are all these ICMP files in subdirectories under  var  log  snort 	Test/3526726.tex	1597
Why does the program generate alerts on packets that have pass rules 	Test/3526726.tex	1603
What are all these   ICMP destination unreachable   alerts 	Test/3526726.tex	1615
Why do many Snort rules have the flags P  TCP PuSH  and A  TCP ACK  set 	Test/3526726.tex	1694
What are these IDS codes in the alert names 	Test/3526726.tex	1703
Snort says BACKDOOR SIGNATURE... does my machine have a Trojan 	Test/3526726.tex	1713
What about   CGI Null Byte attacks   	Test/3526726.tex	1720
Why do certain alerts seem to have  unknown  IPs in BASE 	Test/3526726.tex	1732
Can priorities be assigned to alerts using BASE 	Test/3526726.tex	1736
What about  SMB Name Wildcard  alerts 	Test/3526726.tex	1740
What the heck is a SYNFIN scan 	Test/3526726.tex	1759
I am getting too many   IIS Unicode attack detected   and  or   CGI Null Byte attack detected   false positives. How can I turn this detection off 	Test/3526726.tex	1763
How do I test Snort alerts and logging 	Test/3526726.tex	1783
What is the difference between   Alerting   and   Logging   	Test/3526726.tex	1793
Are rule keywords ORed or ANDed together 	Test/3526726.tex	1814
Can Snort trigger a rule by MAC addresses 	Test/3526726.tex	1824
How can I deactivate a rule 	Test/3526726.tex	1832
How can I define an address to be anything except some hosts 	Test/3526726.tex	1846
After I add new rules or comment out rules how do I make Snort reload 	Test/3526726.tex	1862
Where do the distance and within keywords work from to modify content searches in rules 	Test/3526726.tex	1869
How can I specify a list of ports in a rule 	Test/3526726.tex	1877
How can I protect web servers running on ports other than 80 	Test/3526726.tex	1882
How do I turn off   spp:possible EVASIVE RST detection   alerts 	Test/3526726.tex	1896
Is there a private SID number range so my rules don  t conflict 	Test/3526726.tex	1901
How long can address lists  variables  or rules be 	Test/3526726.tex	1905
What do the numbers  ie:  116:56:1   in front of a Snort alert mean 	Test/3526726.tex	1910
Getting Fancy	Test/3526726.tex	1931
I hear people talking about   Barnyard   . What  s that  label  barnyard	Test/3526726.tex	1933
Are there other output systems for Snort besides   Barnyard    label  spoolers	Test/3526726.tex	1942
How do I process those Snort logs into reports 	Test/3526726.tex	1960
IDSCenter	Test/3526726.tex	1986
How do I log to multiple databases or output plugins 	Test/3526726.tex	2004
How can I test Snort without having an Ethernet card or a connection to other computers 	Test/3526726.tex	2027
How to start Snort as a win32 service 	Test/3526726.tex	2043
Is it possible with snort to add a ipfilter  ipfw rule to a firewall 	Test/3526726.tex	2101
What is the best way to use Snort to block attack traffic 	Test/3526726.tex	2163
Snort complains about the   react   keyword...	Test/3526726.tex	2168
How do I get Snort to e-mail me alerts 	Test/3526726.tex	2172
How do I log a specific type of traffic and send alerts to syslog 	Test/3526726.tex	2200
Is it possible to have Snort call an external program when an alert is raised 	Test/3526726.tex	2219
How can I use Snort to log HTTP URLs or SMTP traffic 	Test/3526726.tex	2246
What are some resources that I can use to understand more about source addresses logged and where they are coming from 	Test/3526726.tex	2257
How do I understand this traffic and do IDS alert analysis 	Test/3526726.tex	2273
How can I examine logged packets in more detail 	Test/3526726.tex	2315
Problems	Test/3526726.tex	2330
I think I found a bug in Snort. Now what 	Test/3526726.tex	2331
SMB alerts aren  t working  what  s wrong 	Test/3526726.tex	2368
Snort says   Garbage Packet with Null Pointer discarded    Huh 	Test/3526726.tex	2372
Snort says   Ran Out Of Space.   Huh 	Test/3526726.tex	2378
My BASE db connection times-out when performing long operations  e.g. deleting a large number of alerts  .	Test/3526726.tex	2384
Why does snort report   Packet loss statistics are unavailable under Linux   	Test/3526726.tex	2392
My  var  log  snort directory gets very large...	Test/3526726.tex	2398
Why does the  error deleting alert  message occur when attempting to delete an alert with BASE 	Test/3526726.tex	2505
BASE appears to be broken in Lynx	Test/3526726.tex	2541
I am getting  snort  pid  uses obsolete  PF  _INET  SOCK  _PACKET   warnings. What  s wrong 	Test/3526726.tex	2545
On HPUX I get device lan0 open: recv  _ack: promisc  _phys: Invalid argument	Test/3526726.tex	2552
Snort is dying with a  can not create file  error and I have plenty of diskspace. What  s wrong 	Test/3526726.tex	2558
I am using Snort on Windows and receive an   OpenPcap   error upon startup: ERROR: OpenPcap   device open: Error opening adapter   message. What  s wrong 	Test/3526726.tex	2563
Snort is not logging to my database	Test/3526726.tex	2570
Portscans are not being logged to my database	Test/3526726.tex	2581
Snort is not logging to syslog	Test/3526726.tex	2589
I am still getting bombarded with spp  _portscan messages even though the IP that I am getting the portscan from is in my  $DNS  _SERVERs var	Test/3526726.tex	2598
Why does chrooted Snort die when I send it a SIGHUP  label  chroot	Test/3526726.tex	2608
My snort crashes  how do I restart it 	Test/3526726.tex	2620
Why can  t snort see one of the 10Mbps or 100Mbps traffic on my autoswitch hub 	Test/3526726.tex	2695
Trying to install snort it says:   bad interpreter: No such file or directory  	Test/3526726.tex	2770
I  m not seeing any interfaces listed under Win32.	Test/3526726.tex	2792
It  s not working on Win32  how can I tell if my problem is Snort or WinPcap 	Test/3526726.tex	2801
I just downloaded a new ruleset and now Snort fails  complaining about the rules.	Test/3526726.tex	2807
Why am I seeing so many   SMTP RCPT TO overflow   alerts 	Test/3526726.tex	2824
I  m getting lots of  ICMP Ping Speedera   is this bad 	Test/3526726.tex	2842
Why are my unified alert times off by   - N hours 	Test/3526726.tex	2848
I try to start Snort and it gives an error like   ERROR: Unable to open rules file:  root  .snortrc or  root   root  .snortrc.   What can I do to fix this 	Test/3526726.tex	2852
Snort fails to respond to a kill signal on Linux. Why 	Test/3526726.tex	2874
A Rule with PCRE causes a failure to load snort.conf. Why 	Test/3526726.tex	2898
Development	Test/3526726.tex	2931
How do you put Snort in debug mode 	Test/3526726.tex	2934
Miscellaneous	Test/3526726.tex	2971
What  s this about a Snort drinking game 	Test/3526726.tex	2972
ocamlCommentInStringAllowed.ml	Test/ocamlCommentInStringAllowed.ml	1
OcamlCommentInStringAllowed	Test/ocamlCommentInStringAllowed.ml	1
p	Test/ocamlCommentInStringAllowed.ml	2
char-selector.f90	Test/char-selector.f90	1
OUT_RD5	Test/char-selector.f90	2
temp	Test/char-selector.f90	7
MXDDI	Test/char-selector.f90	9
titles	Test/char-selector.f90	10
units	Test/char-selector.f90	12
list	Test/char-selector.f90	14
fpshape	Test/char-selector.f90	15
nout	Test/char-selector.f90	16
fpshape2	Test/char-selector.f90	17
last	Test/char-selector.f90	18
debian_432872.f90	Test/debian_432872.f90	1
FOO	Test/debian_432872.f90	3
FOO	Test/debian_432872.f90	5
tabindent.py	Test/tabindent.py	1
find_heading	Test/tabindent.py	2
interface_properties.cs	Test/interface_properties.cs	1
IEmployee	Test/interface_properties.cs	4
Name	Test/interface_properties.cs	6
IEmployee.Name	Test/interface_properties.cs	6
Counter	Test/interface_properties.cs	12
IEmployee.Counter	Test/interface_properties.cs	12
Employee	Test/interface_properties.cs	18
numberOfEmployees	Test/interface_properties.cs	20
Employee.numberOfEmployees	Test/interface_properties.cs	20
counter	Test/interface_properties.cs	21
Employee.counter	Test/interface_properties.cs	21
name	Test/interface_properties.cs	22
Employee.name	Test/interface_properties.cs	22
Name	Test/interface_properties.cs	24
Employee.Name	Test/interface_properties.cs	24
Counter	Test/interface_properties.cs	36
Employee.Counter	Test/interface_properties.cs	36
Employee	Test/interface_properties.cs	44
Employee.Employee	Test/interface_properties.cs	44
MainClass	Test/interface_properties.cs	50
Main	Test/interface_properties.cs	52
MainClass.Main	Test/interface_properties.cs	52
refcurs.sql	Test/refcurs.sql	1
types	Test/refcurs.sql	14
types.cursortyp	Test/refcurs.sql	15
test_ref_cursor	Test/refcurs.sql	20
test_ref_cursor	Test/refcurs.sql	29
test_ref_cursor.main	Test/refcurs.sql	32
test_ref_cursor.get_cursor_ref	Test/refcurs.sql	39
test_ref_cursor.process_cursor	Test/refcurs.sql	51
keyword_private.cs	Test/keyword_private.cs	1
Employee	Test/keyword_private.cs	3
name	Test/keyword_private.cs	5
Employee.name	Test/keyword_private.cs	5
salary	Test/keyword_private.cs	6
Employee.salary	Test/keyword_private.cs	6
not_visible	Test/keyword_private.cs	7
Employee.not_visible	Test/keyword_private.cs	7
AccessSalary	Test/keyword_private.cs	8
Employee.AccessSalary	Test/keyword_private.cs	8
MainClass	Test/keyword_private.cs	13
Main	Test/keyword_private.cs	15
MainClass.Main	Test/keyword_private.cs	15
ocaml_stringTsts.ml	Test/ocaml_stringTsts.ml	1
Ocaml_stringTsts	Test/ocaml_stringTsts.ml	1
valueStr	Test/ocaml_stringTsts.ml	2
bug538629.asm	Test/bug538629.asm	1
MYMACRO	Test/bug538629.asm	1
objectivec_interface.h	Test/objectivec_interface.h	1
LayoutTree	Test/objectivec_interface.h	12
FolderTree	Test/objectivec_interface.h	13
A_MACRO_TEST	Test/objectivec_interface.h	15
SampleTypedefObjC	Test/objectivec_interface.h	17
ANOTHER_MACRO	Test/objectivec_interface.h	21
aStruct	Test/objectivec_interface.h	25
aStructMember	Test/objectivec_interface.h	27
aStruct::aStructMember	Test/objectivec_interface.h	27
anotherStructMember	Test/objectivec_interface.h	28
aStruct::anotherStructMember	Test/objectivec_interface.h	28
name	Test/objectivec_interface.h	34
representation	Test/objectivec_interface.h	35
parent	Test/objectivec_interface.h	36
diskSize	Test/objectivec_interface.h	37
children	Test/objectivec_interface.h	53
objectivec_implementation.m	Test/objectivec_implementation.m	1
keyword_abstract.cs	Test/keyword_abstract.cs	1
MyBaseC	Test/keyword_abstract.cs	4
x	Test/keyword_abstract.cs	6
MyBaseC.x	Test/keyword_abstract.cs	6
y	Test/keyword_abstract.cs	7
MyBaseC.y	Test/keyword_abstract.cs	7
MyMethod	Test/keyword_abstract.cs	8
MyBaseC.MyMethod	Test/keyword_abstract.cs	8
GetX	Test/keyword_abstract.cs	10
MyBaseC.GetX	Test/keyword_abstract.cs	10
GetY	Test/keyword_abstract.cs	15
MyBaseC.GetY	Test/keyword_abstract.cs	15
MyDerivedC	Test/keyword_abstract.cs	21
MyMethod	Test/keyword_abstract.cs	23
MyDerivedC.MyMethod	Test/keyword_abstract.cs	23
GetX	Test/keyword_abstract.cs	29
MyDerivedC.GetX	Test/keyword_abstract.cs	29
GetY	Test/keyword_abstract.cs	37
MyDerivedC.GetY	Test/keyword_abstract.cs	37
Main	Test/keyword_abstract.cs	45
MyDerivedC.Main	Test/keyword_abstract.cs	45
state_machine.v	Test/state_machine.v	1
S0	Test/state_machine.v	5
S1	Test/state_machine.v	6
S2	Test/state_machine.v	7
S3	Test/state_machine.v	8
state	Test/state_machine.v	11
next_state	Test/state_machine.v	12
bug726712.f90	Test/bug726712.f90	1
tagstest_ctrl	Test/bug726712.f90	39
sub1	Test/bug726712.f90	46
sub2	Test/bug726712.f90	51
array_ref_and_out.cs	Test/array_ref_and_out.cs	1
MyMethod	Test/array_ref_and_out.cs	2
MyMethod	Test/array_ref_and_out.cs	7
TestOut	Test/array_ref_and_out.cs	13
FillArray	Test/array_ref_and_out.cs	15
TestOut.FillArray	Test/array_ref_and_out.cs	15
Main	Test/array_ref_and_out.cs	21
TestOut.Main	Test/array_ref_and_out.cs	21
keyword_volatile.cs	Test/keyword_volatile.cs	1
Test	Test/keyword_volatile.cs	2
i	Test/keyword_volatile.cs	4
Test.i	Test/keyword_volatile.cs	4
Test	Test/keyword_volatile.cs	6
Test.Test	Test/keyword_volatile.cs	6
Main	Test/keyword_volatile.cs	10
Test.Main	Test/keyword_volatile.cs	10
bug960316.v	Test/bug960316.v	1
pass_task_1	Test/bug960316.v	6
fail_task_2	Test/bug960316.v	16
pass_func_1	Test/bug960316.v	26
fail_func_2	Test/bug960316.v	36
pass_define_1	Test/bug960316.v	46
fail_define_2	Test/bug960316.v	53
simple.tcl	Test/simple.tcl	1
simple1	Test/simple.tcl	2
tcl_class	Test/simple.tcl	4
itcl_class	Test/simple.tcl	6
method1	Test/simple.tcl	8
method2	Test/simple.tcl	9
method3	Test/simple.tcl	10
procedures.e	Test/procedures.e	1
PROCEDURES	Test/procedures.e	1
procedure0	Test/procedures.e	5
PROCEDURES.procedure0	Test/procedures.e	5
procedure1	Test/procedures.e	11
PROCEDURES.procedure1	Test/procedures.e	11
procedure2	Test/procedures.e	15
PROCEDURES.procedure2	Test/procedures.e	15
procedure_full	Test/procedures.e	19
PROCEDURES.procedure_full	Test/procedures.e	19
keyword_catch_try.cs	Test/keyword_catch_try.cs	1
MyClass	Test/keyword_catch_try.cs	3
Main	Test/keyword_catch_try.cs	5
MyClass.Main	Test/keyword_catch_try.cs	5
MyFn	Test/keyword_catch_try.cs	28
MyClass.MyFn	Test/keyword_catch_try.cs	28
bug762027.v	Test/bug762027.v	1
N_84	Test/bug762027.v	19
N_83	Test/bug762027.v	19
N_84	Test/bug762027.v	21
N_83	Test/bug762027.v	22
flex_with_actionscript.mxml	Test/flex_with_actionscript.mxml	1
dateToYYYYMMDD	Test/flex_with_actionscript.mxml	5
HTTPService.ajaxData	Test/flex_with_actionscript.mxml	12
bug1742588.rb	Test/bug1742588.rb	1
A	Test/bug1742588.rb	1
a	Test/bug1742588.rb	2
b	Test/bug1742588.rb	5
maze.hrl	Test/maze.hrl	1
SPACE	Test/maze.hrl	37
WALL	Test/maze.hrl	38
maze	Test/maze.hrl	40
bug620288.f	Test/bug620288.f	1
foo	Test/bug620288.f	52
bar	Test/bug620288.f	79
bug2961855.sql	Test/bug2961855.sql	1
demo_pkg	Test/bug2961855.sql	11
demo_pkg.test_var	Test/bug2961855.sql	12
ocaml_onlystr.ml	Test/ocaml_onlystr.ml	1
Ocaml_onlystr	Test/ocaml_onlystr.ml	1
bug1093123.cpp	Test/bug1093123.cpp	1
main	Test/bug1093123.cpp	3
m	Test/bug1093123.cpp	6
attributes.e	Test/attributes.e	1
ATTRIBUTES	Test/attributes.e	1
one	Test/attributes.e	5
ATTRIBUTES.one	Test/attributes.e	5
two	Test/attributes.e	8
ATTRIBUTES.two	Test/attributes.e	8
three	Test/attributes.e	11
ATTRIBUTES.three	Test/attributes.e	11
four	Test/attributes.e	14
ATTRIBUTES.four	Test/attributes.e	14
five	Test/attributes.e	17
ATTRIBUTES.five	Test/attributes.e	17
six	Test/attributes.e	17
ATTRIBUTES.six	Test/attributes.e	17
seven	Test/attributes.e	20
ATTRIBUTES.seven	Test/attributes.e	20
eight	Test/attributes.e	23
ATTRIBUTES.eight	Test/attributes.e	23
nine	Test/attributes.e	26
ATTRIBUTES.nine	Test/attributes.e	26
anchored	Test/attributes.e	29
ATTRIBUTES.anchored	Test/attributes.e	29
interface_indexers.cs	Test/interface_indexers.cs	1
IMyInterface	Test/interface_indexers.cs	4
IndexerClass	Test/interface_indexers.cs	15
myArray	Test/interface_indexers.cs	17
IndexerClass.myArray	Test/interface_indexers.cs	17
MainClass	Test/interface_indexers.cs	36
Main	Test/interface_indexers.cs	38
MainClass.Main	Test/interface_indexers.cs	38
extern_variable.h	Test/extern_variable.h	1
a	Test/extern_variable.h	1
b	Test/extern_variable.h	2
S	Test/extern_variable.h	3
C	Test/extern_variable.h	4
bug1020715.cpp	Test/bug1020715.cpp	1
f	Test/bug1020715.cpp	1
hex2dec.sql	Test/hex2dec.sql	1
hex2dec	Test/hex2dec.sql	8
num2hex	Test/hex2dec.sql	30
simple.py	Test/simple.py	1
btopen	Test/simple.py	5
VERSION	Test/simple.py	9
ALL	Test/simple.py	12
KEY	Test/simple.py	13
TREEID	Test/simple.py	14
INDENT	Test/simple.py	15
DATA	Test/simple.py	16
one	Test/simple.py	18
x	Test/simple.py	20
y	Test/simple.py	21
__init__	Test/simple.py	23
__private_function__	Test/simple.py	27
public_function	Test/simple.py	29
this_is_ignored	Test/simple.py	30
so_is_this	Test/simple.py	37
_test	Test/simple.py	39
ignored_function	Test/simple.py	40
more_nesting	Test/simple.py	41
deeply_nested	Test/simple.py	42
even_more	Test/simple.py	43
this	Test/simple.py	44
this	Test/simple.py	45
two	Test/simple.py	49
only	Test/simple.py	51
three	Test/simple.py	57
foo	Test/simple.py	60
obsolete.e	Test/obsolete.e	1
obsolete_attribute	Test/obsolete.e	5
.obsolete_attribute	Test/obsolete.e	5
obsolete_function	Test/obsolete.e	7
.obsolete_function	Test/obsolete.e	7
obsolete_procedure	Test/obsolete.e	11
.obsolete_procedure	Test/obsolete.e	11
dosbatch_test.cmd	Test/dosbatch_test.cmd	1
PATH	Test/dosbatch_test.cmd	21
OPTIONS	Test/dosbatch_test.cmd	23
UPDATE	Test/dosbatch_test.cmd	29
SAMPLE_DATA	Test/dosbatch_test.cmd	34
DONE	Test/dosbatch_test.cmd	46
ERROR	Test/dosbatch_test.cmd	56
ERROR_OPTIONS	Test/dosbatch_test.cmd	71
END	Test/dosbatch_test.cmd	84
keyword_out.cs	Test/keyword_out.cs	1
MyClass	Test/keyword_out.cs	3
TestOut	Test/keyword_out.cs	5
MyClass.TestOut	Test/keyword_out.cs	5
Main	Test/keyword_out.cs	11
MyClass.Main	Test/keyword_out.cs	11
cpp_destructor.cpp	Test/cpp_destructor.cpp	1
~A	Test/cpp_destructor.cpp	1
A::~A	Test/cpp_destructor.cpp	1
~B	Test/cpp_destructor.cpp	3
B::~B	Test/cpp_destructor.cpp	3
~C	Test/cpp_destructor.cpp	6
C::~C	Test/cpp_destructor.cpp	6
signature.cpp	Test/signature.cpp	1
foo	Test/signature.cpp	3
a	Test/signature.cpp	5
b	Test/signature.cpp	5
bar	Test/signature.cpp	7
BAR::bar	Test/signature.cpp	7
foobar	Test/signature.cpp	9
byte.f	Test/byte.f	1
byte_test	Test/byte.f	2
A	Test/byte.f	3
B	Test/byte.f	3
C	Test/byte.f	3
A1	Test/byte.f	4
B1	Test/byte.f	4
C1	Test/byte.f	4
A2	Test/byte.f	5
B2	Test/byte.f	5
C2	Test/byte.f	5
functions.e	Test/functions.e	1
FUNCTIONS	Test/functions.e	1
function0	Test/functions.e	5
FUNCTIONS.function0	Test/functions.e	5
function1	Test/functions.e	11
FUNCTIONS.function1	Test/functions.e	11
function2	Test/functions.e	15
FUNCTIONS.function2	Test/functions.e	15
function_anchored	Test/functions.e	19
FUNCTIONS.function_anchored	Test/functions.e	19
function_full	Test/functions.e	23
FUNCTIONS.function_full	Test/functions.e	23
<	Test/functions.e	32
FUNCTIONS.<	Test/functions.e	32
+	Test/functions.e	36
FUNCTIONS.+	Test/functions.e	36
bug858165.f90	Test/bug858165.f90	1
test	Test/bug858165.f90	16
a	Test/bug858165.f90	18
b	Test/bug858165.f90	19
c	Test/bug858165.f90	21
d	Test/bug858165.f90	22
simple.cbl	Test/simple.cbl	1
PROGRAM-ID	Test/simple.cbl	2
Program-Name	Test/simple.cbl	2
AUTHOR	Test/simple.cbl	3
INPUT-OUPUT	Test/simple.cbl	6
FILE-CONTROL	Test/simple.cbl	7
FILE	Test/simple.cbl	12
File-Name	Test/simple.cbl	13
File-Group-Name	Test/simple.cbl	14
File-Data-Item	Test/simple.cbl	15
WORKING-STORAGE	Test/simple.cbl	17
Group-Name	Test/simple.cbl	18
Data-Item1	Test/simple.cbl	19
SH-WORK-MMDDYYYY	Test/simple.cbl	20
SH-WORK-MMDDYYYY-2	Test/simple.cbl	21
DW-DAYS-IN-MONTHS	Test/simple.cbl	22
DW-DAYS-IN-MONTH	Test/simple.cbl	23
Begin	Test/simple.cbl	27
Subprogram-Name	Test/simple.cbl	30
bug2411878.cs	Test/bug2411878.cs	1
C	Test/bug2411878.cs	1
m_name	Test/bug2411878.cs	2
C.m_name	Test/bug2411878.cs	2
3470609.js	Test/3470609.js	1
string	Test/3470609.js	29
method	Test/3470609.js	30
id	Test/3470609.js	33
neg	Test/3470609.js	34
decimal	Test/3470609.js	35
subProperty	Test/3470609.js	37
subFunction	Test/3470609.js	38
subObject	Test/3470609.js	36
array	Test/3470609.js	42
parentheses	Test/3470609.js	43
root	Test/3470609.js	28
f	Test/3470609.js	46
bug612621.pl	Test/bug612621.pl	1
bar	Test/bug612621.pl	25
foo	Test/bug612621.pl	39
bug1950327.js	Test/bug1950327.js	1
TabChrome	Test/bug1950327.js	14
init	Test/bug1950327.js	15
createTabTile	Test/bug1950327.js	19
destroyTabTile	Test/bug1950327.js	24
Different	Test/bug1950327.js	28
init	Test/bug1950327.js	29
createTabTile	Test/bug1950327.js	33
url	Test/bug1950327.js	35
title	Test/bug1950327.js	35
snapshot	Test/bug1950327.js	35
*	Test/bug1950327.js	35
dirtyTab	Test/bug1950327.js	35
destroyTabTile	Test/bug1950327.js	38
prototype.h	Test/prototype.h	1
prototype_a	Test/prototype.h	1
prototype_b	Test/prototype.h	2
keyword_static.cs	Test/keyword_static.cs	1
Employee	Test/keyword_static.cs	4
id	Test/keyword_static.cs	6
Employee.id	Test/keyword_static.cs	6
name	Test/keyword_static.cs	7
Employee.name	Test/keyword_static.cs	7
Employee	Test/keyword_static.cs	9
Employee.Employee	Test/keyword_static.cs	9
Employee	Test/keyword_static.cs	13
Employee.Employee	Test/keyword_static.cs	13
employeeCounter	Test/keyword_static.cs	19
Employee.employeeCounter	Test/keyword_static.cs	19
AddEmployee	Test/keyword_static.cs	21
Employee.AddEmployee	Test/keyword_static.cs	21
MainClass	Test/keyword_static.cs	27
Main	Test/keyword_static.cs	29
MainClass.Main	Test/keyword_static.cs	29
sql_single_quote.sql	Test/sql_single_quote.sql	1
p1	Test/sql_single_quote.sql	1
p2	Test/sql_single_quote.sql	7
p3	Test/sql_single_quote.sql	13
simple.sml	Test/simple.sml	1
abstype_name	Test/simple.sml	3
suit	Test/simple.sml	5
Change	Test/simple.sml	7
dist	Test/simple.sml	9
checked_factorial	Test/simple.sml	11
Factorial	Test/simple.sml	19
fact	Test/simple.sml	22
checked_factorial	Test/simple.sml	25
Matcher	Test/simple.sml	32
RegExp	Test/simple.sml	32
RegExp	Test/simple.sml	34
match_is	Test/simple.sml	38
match	Test/simple.sml	49
SUSP	Test/simple.sml	55
'a	Test/simple.sml	56
force	Test/simple.sml	57
delay	Test/simple.sml	58
Susp	Test/simple.sml	61
'a	Test/simple.sml	62
force	Test/simple.sml	63
delay	Test/simple.sml	64
Impossible	Test/simple.sml	66
memo	Test/simple.sml	67
t'	Test/simple.sml	68
r	Test/simple.sml	69
loopback	Test/simple.sml	74
Circular	Test/simple.sml	76
r	Test/simple.sml	77
t	Test/simple.sml	78
hyperlink	Test/simple.sml	84
dist	Test/simple.sml	86
macros.c	Test/macros.c	1
VARIABLE_LIKE	Test/macros.c	1
FUNCTION_LIKE	Test/macros.c	2
WeakSymbol	Test/macros.c	3
foo	Test/macros.c	6
prototype	Test/macros.c	7
ocamlAllKinds.ml	Test/ocamlAllKinds.ml	1
OcamlAllKinds	Test/ocamlAllKinds.ml	1
ModuleFoo	Test/ocamlAllKinds.ml	1
foobar	Test/ocamlAllKinds.ml	2
ConstructorFoo	Test/ocamlAllKinds.ml	3
ConstructorBar	Test/ocamlAllKinds.ml	4
foorecord	Test/ocamlAllKinds.ml	7
foofield	Test/ocamlAllKinds.ml	8
barfield	Test/ocamlAllKinds.ml	9
foobarfield	Test/ocamlAllKinds.ml	10
+-	Test/ocamlAllKinds.ml	13
shall_appear	Test/ocamlAllKinds.ml	19
foo_function	Test/ocamlAllKinds.ml	26
fooClass	Test/ocamlAllKinds.ml	28
x	Test/ocamlAllKinds.ml	30
fooMethod	Test/ocamlAllKinds.ml	31
spurious_label_tags.c	Test/spurious_label_tags.c	1
label_forced_tags	Test/spurious_label_tags.c	4
keyword_override.cs	Test/keyword_override.cs	1
TestClass	Test/keyword_override.cs	4
Square	Test/keyword_override.cs	6
TestClass.Square	Test/keyword_override.cs	6
x	Test/keyword_override.cs	8
TestClass.Square.x	Test/keyword_override.cs	8
Square	Test/keyword_override.cs	11
TestClass.Square.Square	Test/keyword_override.cs	11
Area	Test/keyword_override.cs	16
TestClass.Square.Area	Test/keyword_override.cs	16
Cube	Test/keyword_override.cs	22
TestClass.Cube	Test/keyword_override.cs	22
Cube	Test/keyword_override.cs	25
TestClass.Cube.Cube	Test/keyword_override.cs	25
Area	Test/keyword_override.cs	30
TestClass.Cube.Area	Test/keyword_override.cs	30
Main	Test/keyword_override.cs	36
TestClass.Main	Test/keyword_override.cs	36
continuation.f90	Test/continuation.f90	1
test	Test/continuation.f90	2
para_a	Test/continuation.f90	4
para_b	Test/continuation.f90	5
para_c	Test/continuation.f90	6
bug849591.cpp	Test/bug849591.cpp	1
Foo	Test/bug849591.cpp	21
MainClass::Foo	Test/bug849591.cpp	21
Foo	Test/bug849591.cpp	43
MainClass::Foo	Test/bug849591.cpp	43
bug1988130.py	Test/bug1988130.py	1
testFunc	Test/bug1988130.py	1
main	Test/bug1988130.py	4
general.cs	Test/general.cs	1
MyNamespace1	Test/general.cs	4
MyClass1	Test/general.cs	6
MyNamespace1.MyClass1	Test/general.cs	6
MyStruct	Test/general.cs	9
MyNamespace1.MyStruct	Test/general.cs	9
IMyInterface	Test/general.cs	12
MyNamespace1.IMyInterface	Test/general.cs	12
MyDelegate	Test/general.cs	15
MyNamespace1.MyDelegate	Test/general.cs	15
MyEnum	Test/general.cs	16
MyNamespace1.MyEnum	Test/general.cs	16
MyNamespace2	Test/general.cs	19
MyNamespace1.MyNamespace2	Test/general.cs	19
MyClass2	Test/general.cs	22
MyNamespace1.MyClass2	Test/general.cs	22
Main	Test/general.cs	24
MyNamespace1.MyClass2.Main	Test/general.cs	24
N1	Test/general.cs	32
C1	Test/general.cs	34
N1.C1	Test/general.cs	34
C2	Test/general.cs	36
N1.C1.C2	Test/general.cs	36
N2	Test/general.cs	40
N1.N2	Test/general.cs	40
C2	Test/general.cs	42
N1.N2.C2	Test/general.cs	42
bug2117073.java	Test/bug2117073.java	1
AAssignmentExp	Test/bug2117073.java	1
AAssignmentExp	Test/bug2117073.java	2
AAssignmentExp.AAssignmentExp	Test/bug2117073.java	2
removeChild	Test/bug2117073.java	10
AAssignmentExp.removeChild	Test/bug2117073.java	10
bug1020715.c	Test/bug1020715.c	1
f	Test/bug1020715.c	43
masm.asm	Test/masm.asm	1
Msg	Test/masm.asm	3
QUACK	Test/masm.asm	5
myequ	Test/masm.asm	15
myequal	Test/masm.asm	16
hllequal	Test/masm.asm	19
BYTE_BUFFER	Test/masm.asm	21
WORD_BUFFER	Test/masm.asm	22
LabelMaker1	Test/masm.asm	25
LabelMaker2	Test/masm.asm	27
mymacro	Test/masm.asm	29
mystruct	Test/masm.asm	32
bug1830344.cs	Test/bug1830344.cs	1
C	Test/bug1830344.cs	1
m	Test/bug1830344.cs	2
C.m	Test/bug1830344.cs	2
secondary_fcn_name.js	Test/secondary_fcn_name.js	1
D1	Test/secondary_fcn_name.js	12
D2	Test/secondary_fcn_name.js	22
my_global_var1	Test/secondary_fcn_name.js	28
D2A	Test/secondary_fcn_name.js	35
theAdd	Test/secondary_fcn_name.js	35
array_spec.f90	Test/array_spec.f90	1
Global_Variables	Test/array_spec.f90	2
H	Test/array_spec.f90	7
H0	Test/array_spec.f90	8
H1	Test/array_spec.f90	9
H2	Test/array_spec.f90	10
H3	Test/array_spec.f90	11
H4	Test/array_spec.f90	12
H5	Test/array_spec.f90	13
bug1800065.cs	Test/bug1800065.cs	1
C	Test/bug1800065.cs	2
window	Test/bug1800065.cs	3
C.window	Test/bug1800065.cs	3
title	Test/bug1800065.cs	4
C.title	Test/bug1800065.cs	4
unicode8.java	Test/unicode8.java	1
ueberweisen	Test/unicode8.java	1
keyword_implicit.cs	Test/keyword_implicit.cs	1
Digit	Test/keyword_implicit.cs	3
value	Test/keyword_implicit.cs	5
Digit.value	Test/keyword_implicit.cs	5
Digit	Test/keyword_implicit.cs	7
Digit.Digit	Test/keyword_implicit.cs	7
operator byte	Test/keyword_implicit.cs	14
Digit.operator byte	Test/keyword_implicit.cs	14
Test	Test/keyword_implicit.cs	21
Main	Test/keyword_implicit.cs	23
Test.Main	Test/keyword_implicit.cs	23
1878155.js	Test/1878155.js	1
RE	Test/1878155.js	11
foo	Test/1878155.js	15
my_function	Test/1878155.js	18
keyword_namespace.cs	Test/keyword_namespace.cs	1
SomeNameSpace	Test/keyword_namespace.cs	3
MyClass	Test/keyword_namespace.cs	5
SomeNameSpace.MyClass	Test/keyword_namespace.cs	5
Main	Test/keyword_namespace.cs	7
SomeNameSpace.MyClass.Main	Test/keyword_namespace.cs	7
Nested	Test/keyword_namespace.cs	13
SomeNameSpace.Nested	Test/keyword_namespace.cs	13
NestedNameSpaceClass	Test/keyword_namespace.cs	15
SomeNameSpace.Nested.NestedNameSpaceClass	Test/keyword_namespace.cs	15
SayHello	Test/keyword_namespace.cs	17
SomeNameSpace.Nested.NestedNameSpaceClass.SayHello	Test/keyword_namespace.cs	17
SomeNameSpace.Nested	Test/keyword_namespace.cs	26
AlternativeNestedNameSpaceClass	Test/keyword_namespace.cs	28
SomeNameSpace.Nested.AlternativeNestedNameSpaceClass	Test/keyword_namespace.cs	28
gas.s	Test/gas.s	1
bug1466117.c	Test/bug1466117.c	1
mystruct	Test/bug1466117.c	1
a	Test/bug1466117.c	2
mystruct::a	Test/bug1466117.c	2
b	Test/bug1466117.c	3
mystruct::b	Test/bug1466117.c	3
a	Test/bug1466117.c	7
__anon1::a	Test/bug1466117.c	7
b	Test/bug1466117.c	8
__anon1::b	Test/bug1466117.c	8
mystruct	Test/bug1466117.c	9
bug1428714.sql	Test/bug1428714.sql	1
test.py	Test/test.py	1
main	Test/test.py	3
var	Test/test.py	9
var2	Test/test.py	10
bug639644.h	Test/bug639644.h	1
foo	Test/bug639644.h	23
__anon2::foo	Test/bug639644.h	23
bug1187505.cpp	Test/bug1187505.cpp	1
pure_elem.f95	Test/pure_elem.f95	1
pure_func	Test/pure_elem.f95	13
F	Test/pure_elem.f95	19
elem_maxabs	Test/pure_elem.f95	26
pure_maxabs2	Test/pure_elem.f95	32
matlab_backtracking.m	Test/matlab_backtracking.m	1
backtrack	Test/matlab_backtracking.m	4
flex_only_mxml.mxml	Test/flex_only_mxml.mxml	1
Array.forms	Test/flex_only_mxml.mxml	5
ViewStack.viewstack1	Test/flex_only_mxml.mxml	9
Form.form_login_screen	Test/flex_only_mxml.mxml	10
TextInput.ls_ti_username	Test/flex_only_mxml.mxml	15
TextInput.ls_ti_passwd	Test/flex_only_mxml.mxml	16
Button.ls_bt_log_in_out	Test/flex_only_mxml.mxml	17
Label.ls_lb_welcome	Test/flex_only_mxml.mxml	18
HTTPService.myHTTPService	Test/flex_only_mxml.mxml	25
bug1201689.c	Test/bug1201689.c	1
test	Test/bug1201689.c	22
bug877956.f90	Test/bug877956.f90	1
test	Test/bug877956.f90	22
cm1	Test/bug877956.f90	25
c2	Test/bug877956.f90	25
test	Test/bug877956.f90	36
cm1	Test/bug877956.f90	39
c2	Test/bug877956.f90	39
bug1743330.v	Test/bug1743330.v	1
bit_field.c	Test/bit_field.c	1
bit_fields	Test/bit_field.c	1
a	Test/bit_field.c	2
bit_fields::a	Test/bit_field.c	2
b	Test/bit_field.c	3
bit_fields::b	Test/bit_field.c	3
c	Test/bit_field.c	4
bit_fields::c	Test/bit_field.c	4
sign	Test/bit_field.c	8
__anon3::sign	Test/bit_field.c	8
exp	Test/bit_field.c	9
__anon3::exp	Test/bit_field.c	9
frac1	Test/bit_field.c	10
__anon3::frac1	Test/bit_field.c	10
frac0	Test/bit_field.c	11
__anon3::frac0	Test/bit_field.c	11
shortname_info	Test/bit_field.c	14
lower	Test/bit_field.c	15
shortname_info::lower	Test/bit_field.c	15
upper	Test/bit_field.c	16
shortname_info::upper	Test/bit_field.c	16
valid	Test/bit_field.c	17
shortname_info::valid	Test/bit_field.c	17
public	Test/bit_field.c	23
__anon4::public	Test/bit_field.c	23
bad2	Test/bit_field.c	24
__anon4::bad2	Test/bit_field.c	24
group	Test/bit_field.c	25
__anon4::group	Test/bit_field.c	25
personal	Test/bit_field.c	26
__anon4::personal	Test/bit_field.c	26
bitfield_flags	Test/bit_field.c	27
this	Test/bit_field.c	31
__anon5::this	Test/bit_field.c	31
public	Test/bit_field.c	32
__anon5::public	Test/bit_field.c	32
private	Test/bit_field.c	33
__anon5::private	Test/bit_field.c	33
that	Test/bit_field.c	34
__anon5::that	Test/bit_field.c	34
mystruct	Test/bit_field.c	35
bug1799340.cpp	Test/bug1799340.cpp	1
f1	Test/bug1799340.cpp	1
f2	Test/bug1799340.cpp	2
f3	Test/bug1799340.cpp	3
std::f3	Test/bug1799340.cpp	3
db-trig.sql	Test/db-trig.sql	1
database.restrict_login	Test/db-trig.sql	10
database.startup_db	Test/db-trig.sql	24
2023624.js	Test/2023624.js	1
f1	Test/2023624.js	9
f2	Test/2023624.js	13
static_array.c	Test/static_array.c	1
charset2uni	Test/static_array.c	2
implied_program.f	Test/implied_program.f	1
i	Test/implied_program.f	3
bug3571233.js	Test/bug3571233.js	1
MyClass	Test/bug3571233.js	29
MyClass	Test/bug3571233.js	32
method2	Test/bug3571233.js	32
nestedFunction1	Test/bug3571233.js	34
nestedFunction2	Test/bug3571233.js	38
nestedFunction3	Test/bug3571233.js	45
function1	Test/bug3571233.js	44
nestedFunction4	Test/bug3571233.js	50
nestedFunction5	Test/bug3571233.js	53
function2	Test/bug3571233.js	49
keyword_enum.cs	Test/keyword_enum.cs	1
EnumTest	Test/keyword_enum.cs	5
Days	Test/keyword_enum.cs	7
EnumTest.Days	Test/keyword_enum.cs	7
Sat	Test/keyword_enum.cs	7
Sun	Test/keyword_enum.cs	7
Mon	Test/keyword_enum.cs	7
Tue	Test/keyword_enum.cs	7
Wed	Test/keyword_enum.cs	7
Thu	Test/keyword_enum.cs	7
Fri	Test/keyword_enum.cs	7
Main	Test/keyword_enum.cs	9
EnumTest.Main	Test/keyword_enum.cs	9
EnumTest	Test/keyword_enum.cs	21
Range	Test/keyword_enum.cs	23
EnumTest.Range	Test/keyword_enum.cs	23
Max	Test/keyword_enum.cs	23
Min	Test/keyword_enum.cs	23
Main	Test/keyword_enum.cs	24
EnumTest.Main	Test/keyword_enum.cs	24
bug1764148	Test/bug1764148	1
PyFunc	Test/bug1764148	2
intro_orig.tex	Test/intro_orig.tex	1
Introduction	Test/intro_orig.tex	37
Equations	Test/intro_orig.tex	57
eq:ising	Test/intro_orig.tex	74
eq:fine	Test/intro_orig.tex	102
eq:mdiv	Test/intro_orig.tex	126
Tables	Test/intro_orig.tex	153
tab:5  tc	Test/intro_orig.tex	176
Lists	Test/intro_orig.tex	183
Figures	Test/intro_orig.tex	204
fig:typical	Test/intro_orig.tex	212
fig:lj	Test/intro_orig.tex	219
Literal text	Test/intro_orig.tex	227
Special Symbols	Test/intro_orig.tex	242
Common Greek letters	Test/intro_orig.tex	244
Special symbols	Test/intro_orig.tex	264
color  red	Test/intro_orig.tex	302
label  morefig	Test/intro_orig.tex	307
fig:qm  complexfunctions	Test/intro_orig.tex	319
bug665086.cpp	Test/bug665086.cpp	1
N1	Test/bug665086.cpp	21
N2	Test/bug665086.cpp	23
N1::N2	Test/bug665086.cpp	23
C12	Test/bug665086.cpp	25
N1::N2::C12	Test/bug665086.cpp	25
array-spec.f90	Test/array-spec.f90	1
inm_df	Test/array-spec.f90	1
df_type	Test/array-spec.f90	4
df_mb_time	Test/array-spec.f90	6
df_wb_time	Test/array-spec.f90	6
df_mb_data	Test/array-spec.f90	8
df_wb_data	Test/array-spec.f90	8
1850914.js	Test/1850914.js	1
objLiteralProperty	Test/1850914.js	18
objLiteralMethod	Test/1850914.js	22
objectLiteral	Test/1850914.js	14
bug1575055.cpp	Test/bug1575055.cpp	1
TheNamespace	Test/bug1575055.cpp	1
MyClass	Test/bug1575055.cpp	2
TheNamespace::MyClass	Test/bug1575055.cpp	2
variable	Test/bug1575055.cpp	3
TheNamespace::variable	Test/bug1575055.cpp	3
simple.ksh	Test/simple.ksh	1
f1	Test/simple.ksh	3
f2	Test/simple.ksh	6
bug1924919.cpp	Test/bug1924919.cpp	1
mud	Test/bug1924919.cpp	2
MajorVersion	Test/bug1924919.cpp	3
mud::MajorVersion	Test/bug1924919.cpp	3
MinorVersion	Test/bug1924919.cpp	4
mud::MinorVersion	Test/bug1924919.cpp	4
Package.pm	Test/Package.pm	1
Test::One	Test/Package.pm	8
Test::One::Two	Test/Package.pm	10
Test	Test/Package.pm	12
init	Test/Package.pm	19
Test::init	Test/Package.pm	19
CONST	Test/Package.pm	23
Test::CONST	Test/Package.pm	23
quo	Test/Package.pm	37
Test::quo	Test/Package.pm	37
END	Test/Package.pm	40
END2	Test/Package.pm	41
dude	Test/Package.pm	52
Test::dude	Test/Package.pm	52
internal.cs	Test/internal.cs	1
BaseClass	Test/internal.cs	3
IntM	Test/internal.cs	5
BaseClass.IntM	Test/internal.cs	5
keyword_virtual.cs	Test/keyword_virtual.cs	1
TestClass	Test/keyword_virtual.cs	4
Dimensions	Test/keyword_virtual.cs	6
TestClass.Dimensions	Test/keyword_virtual.cs	6
pi	Test/keyword_virtual.cs	8
TestClass.Dimensions.pi	Test/keyword_virtual.cs	8
x	Test/keyword_virtual.cs	9
TestClass.Dimensions.x	Test/keyword_virtual.cs	9
y	Test/keyword_virtual.cs	9
TestClass.Dimensions.y	Test/keyword_virtual.cs	9
Dimensions	Test/keyword_virtual.cs	10
TestClass.Dimensions.Dimensions	Test/keyword_virtual.cs	10
Dimensions	Test/keyword_virtual.cs	13
TestClass.Dimensions.Dimensions	Test/keyword_virtual.cs	13
Area	Test/keyword_virtual.cs	19
TestClass.Dimensions.Area	Test/keyword_virtual.cs	19
Circle	Test/keyword_virtual.cs	25
TestClass.Circle	Test/keyword_virtual.cs	25
Circle	Test/keyword_virtual.cs	27
TestClass.Circle.Circle	Test/keyword_virtual.cs	27
Area	Test/keyword_virtual.cs	31
TestClass.Circle.Area	Test/keyword_virtual.cs	31
Sphere	Test/keyword_virtual.cs	37
TestClass.Sphere	Test/keyword_virtual.cs	37
Sphere	Test/keyword_virtual.cs	39
TestClass.Sphere.Sphere	Test/keyword_virtual.cs	39
Area	Test/keyword_virtual.cs	43
TestClass.Sphere.Area	Test/keyword_virtual.cs	43
Cylinder	Test/keyword_virtual.cs	49
TestClass.Cylinder	Test/keyword_virtual.cs	49
Cylinder	Test/keyword_virtual.cs	51
TestClass.Cylinder.Cylinder	Test/keyword_virtual.cs	51
Area	Test/keyword_virtual.cs	55
TestClass.Cylinder.Area	Test/keyword_virtual.cs	55
Main	Test/keyword_virtual.cs	61
TestClass.Main	Test/keyword_virtual.cs	61
bug1777344.java	Test/bug1777344.java	1
bug1777344	Test/bug1777344.java	2
map1	Test/bug1777344.java	3
bug1777344.map1	Test/bug1777344.java	3
map2	Test/bug1777344.java	4
bug1777344.map2	Test/bug1777344.java	4
map3	Test/bug1777344.java	4
bug1777344.map3	Test/bug1777344.java	4
b	Test/bug1777344.java	5
bug1777344.b	Test/bug1777344.java	5
c	Test/bug1777344.java	5
bug1777344.c	Test/bug1777344.java	5
bug1085585.c	Test/bug1085585.c	1
check_parity	Test/bug1085585.c	36
des_check_key	Test/bug1085585.c	37
misc_types.f	Test/misc_types.f	1
specs	Test/misc_types.f	10
INFOOBAR	Test/misc_types.f	24
M	Test/misc_types.f	27
keyword_params.cs	Test/keyword_params.cs	1
MyClass	Test/keyword_params.cs	3
UseParams	Test/keyword_params.cs	6
MyClass.UseParams	Test/keyword_params.cs	6
UseParams2	Test/keyword_params.cs	13
MyClass.UseParams2	Test/keyword_params.cs	13
Main	Test/keyword_params.cs	20
MyClass.Main	Test/keyword_params.cs	20
keyword_sealed.cs	Test/keyword_sealed.cs	1
MyClass	Test/keyword_sealed.cs	4
x	Test/keyword_sealed.cs	6
MyClass.x	Test/keyword_sealed.cs	6
y	Test/keyword_sealed.cs	7
MyClass.y	Test/keyword_sealed.cs	7
MainClass	Test/keyword_sealed.cs	10
Main	Test/keyword_sealed.cs	12
MainClass.Main	Test/keyword_sealed.cs	12
bug1988026.py	Test/bug1988026.py	1
testClass	Test/bug1988026.py	2
my_var	Test/bug1988026.py	3
main	Test/bug1988026.py	4
im_a_function	Test/bug1988026.py	8
bug3036476.js	Test/bug3036476.js	1
container	Test/bug3036476.js	15
object	Test/bug3036476.js	17
method1	Test/bug3036476.js	18
method2	Test/bug3036476.js	19
ingres_procedures.sql	Test/ingres_procedures.sql	1
db0001	Test/ingres_procedures.sql	1
x	Test/ingres_procedures.sql	7
n	Test/ingres_procedures.sql	8
err	Test/ingres_procedures.sql	9
db0002	Test/ingres_procedures.sql	5
db0003	Test/ingres_procedures.sql	35
traffic_signal.v	Test/traffic_signal.v	1
traffic	Test/traffic_signal.v	5
on	Test/traffic_signal.v	6
off	Test/traffic_signal.v	6
red_tics	Test/traffic_signal.v	6
amber_tics	Test/traffic_signal.v	7
green_tics	Test/traffic_signal.v	7
clock	Test/traffic_signal.v	8
red	Test/traffic_signal.v	8
amber	Test/traffic_signal.v	8
green	Test/traffic_signal.v	8
light	Test/traffic_signal.v	24
color	Test/traffic_signal.v	25
tics	Test/traffic_signal.v	26
bug1548443.cpp	Test/bug1548443.cpp	1
TestUnion	Test/bug1548443.cpp	1
_number	Test/bug1548443.cpp	3
TestUnion::_number	Test/bug1548443.cpp	3
TestStruct	Test/bug1548443.cpp	6
_number	Test/bug1548443.cpp	8
TestStruct::_number	Test/bug1548443.cpp	8
bug1907083.cpp	Test/bug1907083.cpp	1
m1	Test/bug1907083.cpp	2
C::m1	Test/bug1907083.cpp	2
m2	Test/bug1907083.cpp	3
C::C::m2	Test/bug1907083.cpp	3
m3	Test/bug1907083.cpp	4
C::C::m3	Test/bug1907083.cpp	4
m4	Test/bug1907083.cpp	5
C::C::m4	Test/bug1907083.cpp	5
value.f	Test/value.f	1
figure	Test/value.f	2
aa	Test/value.f	3
fig	Test/value.f	5
keyword_interface.cs	Test/keyword_interface.cs	1
IPoint	Test/keyword_interface.cs	4
x	Test/keyword_interface.cs	7
IPoint.x	Test/keyword_interface.cs	7
y	Test/keyword_interface.cs	13
IPoint.y	Test/keyword_interface.cs	13
MyPoint	Test/keyword_interface.cs	20
myX	Test/keyword_interface.cs	23
MyPoint.myX	Test/keyword_interface.cs	23
myY	Test/keyword_interface.cs	24
MyPoint.myY	Test/keyword_interface.cs	24
MyPoint	Test/keyword_interface.cs	27
MyPoint.MyPoint	Test/keyword_interface.cs	27
x	Test/keyword_interface.cs	34
MyPoint.x	Test/keyword_interface.cs	34
y	Test/keyword_interface.cs	47
MyPoint.y	Test/keyword_interface.cs	47
MainClass	Test/keyword_interface.cs	60
PrintPoint	Test/keyword_interface.cs	62
MainClass.PrintPoint	Test/keyword_interface.cs	62
Main	Test/keyword_interface.cs	67
MainClass.Main	Test/keyword_interface.cs	67
keyword_extern.cs	Test/keyword_extern.cs	1
MyClass	Test/keyword_extern.cs	3
MessageBox	Test/keyword_extern.cs	6
MyClass.MessageBox	Test/keyword_extern.cs	6
Main	Test/keyword_extern.cs	8
MyClass.Main	Test/keyword_extern.cs	8
angle_bracket.cpp	Test/angle_bracket.cpp	1
foo	Test/angle_bracket.cpp	1
rsize	Test/angle_bracket.cpp	3
bar	Test/angle_bracket.cpp	9
bar2	Test/angle_bracket.cpp	14
semicolon.f90	Test/semicolon.f90	1
SEMI	Test/semicolon.f90	1
VAR1	Test/semicolon.f90	3
VAR2	Test/semicolon.f90	3
bug2777310.js	Test/bug2777310.js	1
x	Test/bug2777310.js	1
z	Test/bug2777310.js	2
y	Test/bug2777310.js	3
format.pl	Test/format.pl	1
XYZ	Test/format.pl	3
STDOUT	Test/format.pl	8
labels.sql	Test/labels.sql	1
outer_procedure	Test/labels.sql	1
outer_procedure.my_label	Test/labels.sql	3
bug1799343-2.cpp	Test/bug1799343-2.cpp	1
P	Test/bug1799343-2.cpp	1
x	Test/bug1799343-2.cpp	3
P::x	Test/bug1799343-2.cpp	3
A	Test/bug1799343-2.cpp	6
P	Test/bug1799343-2.cpp	7
A::P	Test/bug1799343-2.cpp	7
x	Test/bug1799343-2.cpp	9
A::P::x	Test/bug1799343-2.cpp	9
Q	Test/bug1799343-2.cpp	11
A::Q	Test/bug1799343-2.cpp	11
y	Test/bug1799343-2.cpp	12
A::Q::y	Test/bug1799343-2.cpp	12
C	Test/bug1799343-2.cpp	15
A::C	Test/bug1799343-2.cpp	15
R	Test/bug1799343-2.cpp	16
A::C::R	Test/bug1799343-2.cpp	16
z	Test/bug1799343-2.cpp	17
A::C::R::z	Test/bug1799343-2.cpp	17
f	Test/bug1799343-2.cpp	18
A::C::R::f	Test/bug1799343-2.cpp	18
B	Test/bug1799343-2.cpp	23
S	Test/bug1799343-2.cpp	24
B::S	Test/bug1799343-2.cpp	24
t	Test/bug1799343-2.cpp	25
B::S::t	Test/bug1799343-2.cpp	25
bug1770479.cpp	Test/bug1770479.cpp	1
main	Test/bug1770479.cpp	3
a	Test/bug1770479.cpp	5
b	Test/bug1770479.cpp	8
foo	Test/bug1770479.cpp	14
random.sql	Test/random.sql	1
random	Test/random.sql	13
random	Test/random.sql	30
random.multiplier	Test/random.sql	32
random.increment	Test/random.sql	33
random.Seed	Test/random.sql	37
random.smaller	Test/random.sql	39
random.rand_string	Test/random.sql	48
random.srand	Test/random.sql	62
random.rand	Test/random.sql	67
random.get_rand	Test/random.sql	73
random.rand_max	Test/random.sql	78
random.get_rand_max	Test/random.sql	83
bug1830343.cs	Test/bug1830343.cs	1
ForEachTest	Test/bug1830343.cs	1
Main	Test/bug1830343.cs	2
ForEachTest.Main	Test/bug1830343.cs	2
aliases.e	Test/aliases.e	1
ALIASES	Test/aliases.e	1
attribute_a	Test/aliases.e	5
ALIASES.attribute_a	Test/aliases.e	5
attribute_b	Test/aliases.e	5
ALIASES.attribute_b	Test/aliases.e	5
constant_a	Test/aliases.e	7
ALIASES.constant_a	Test/aliases.e	7
constant_b	Test/aliases.e	7
ALIASES.constant_b	Test/aliases.e	7
function1a	Test/aliases.e	11
ALIASES.function1a	Test/aliases.e	11
function1b	Test/aliases.e	11
ALIASES.function1b	Test/aliases.e	11
procedure1a	Test/aliases.e	17
ALIASES.procedure1a	Test/aliases.e	17
procedure1b	Test/aliases.e	17
ALIASES.procedure1b	Test/aliases.e	17
a	Test/aliases.e	21
ALIASES.a	Test/aliases.e	21
<	Test/aliases.e	21
ALIASES.<	Test/aliases.e	21
b	Test/aliases.e	21
ALIASES.b	Test/aliases.e	21
yor	Test/aliases.e	25
ALIASES.yor	Test/aliases.e	25
^	Test/aliases.e	25
ALIASES.^	Test/aliases.e	25
zor	Test/aliases.e	25
ALIASES.zor	Test/aliases.e	25
bug3032253.vim	Test/bug3032253.vim	1
ThisIsValid	Test/bug3032253.vim	5
bug507864.c	Test/bug507864.c	1
ENTSEQNO	Test/bug507864.c	1
MEMTXT	Test/bug507864.c	2
MEMTXT	Test/bug507864.c	2
MEMTXT	Test/bug507864.c	2
line_directives.c	Test/line_directives.c	1
a	Test/line_directives.c	3
b	Test/line_directives.c	6
c	Test/line_directives.c	9
bug1799343-1.cpp	Test/bug1799343-1.cpp	1
C	Test/bug1799343-1.cpp	2
x	Test/bug1799343-1.cpp	2
C::x	Test/bug1799343-1.cpp	2
D	Test/bug1799343-1.cpp	3
D	Test/bug1799343-1.cpp	4
D::D	Test/bug1799343-1.cpp	4
~D	Test/bug1799343-1.cpp	5
D::~D	Test/bug1799343-1.cpp	5
endl	Test/bug1799343-1.cpp	5
D::std::endl	Test/bug1799343-1.cpp	5
main	Test/bug1799343-1.cpp	7
d	Test/bug1799343-1.cpp	8
flex_override.mxml	Test/flex_override.mxml	1
save	Test/flex_override.mxml	9
myOverride	Test/flex_override.mxml	14
directives.c	Test/directives.c	1
VARIABLE_LIKE	Test/directives.c	2
FUNCTION_LIKE	Test/directives.c	3
WeakSymbol	Test/directives.c	4
with_long_comment	Test/directives.c	6
MACRO_TO_SEE1	Test/directives.c	11
a	Test/directives.c	12
MACRO_TO_SEE2	Test/directives.c	14
b	Test/directives.c	15
MACRO_TO_SEE3	Test/directives.c	17
c	Test/directives.c	18
MACRO_TO_SEE4	Test/directives.c	20
d	Test/directives.c	21
SEE_THIS_MACRO	Test/directives.c	35
g	Test/directives.c	36
PATH1	Test/directives.c	41
foo1	Test/directives.c	42
bar1	Test/directives.c	55
PATH1b	Test/directives.c	58
p1	Test/directives.c	60
matlab_test.m	Test/matlab_test.m	1
func1	Test/matlab_test.m	1
func2	Test/matlab_test.m	2
func3	Test/matlab_test.m	3
bug565813.f90	Test/bug565813.f90	1
ctags_bug	Test/bug565813.f90	1
foo_t	Test/bug565813.f90	7
bar	Test/bug565813.f90	8
N	Test/bug565813.f90	11
foo_setbar	Test/bug565813.f90	20
foo_set_bar	Test/bug565813.f90	28
foo_getbar	Test/bug565813.f90	36
bug639639.h	Test/bug639639.h	1
Namespace1	Test/bug639639.h	21
function2	Test/bug639639.h	23
Namespace1::function2	Test/bug639639.h	23
anon2	Test/bug639639.h	26
class.e	Test/class.e	1
UBER_CLASS	Test/class.e	5
my_generator	Test/class.e	11
UBER_CLASS.my_generator	Test/class.e	11
my_generating_type	Test/class.e	12
UBER_CLASS.my_generating_type	Test/class.e	12
//	Test/class.e	13
UBER_CLASS.//	Test/class.e	13
make	Test/class.e	40
UBER_CLASS.make	Test/class.e	40
make2	Test/class.e	44
UBER_CLASS.make2	Test/class.e	44
make3	Test/class.e	48
UBER_CLASS.make3	Test/class.e	48
procedure_full	Test/class.e	54
UBER_CLASS.procedure_full	Test/class.e	54
guard	Test/class.e	62
UBER_CLASS.guard	Test/class.e	62
java_enum.java	Test/java_enum.java	1
C	Test/java_enum.java	1
TrivialEnum	Test/java_enum.java	2
C.TrivialEnum	Test/java_enum.java	2
FIRST_VALUE	Test/java_enum.java	3
SECOND_VALUE	Test/java_enum.java	4
FancyEnum	Test/java_enum.java	6
C.FancyEnum	Test/java_enum.java	6
A	Test/java_enum.java	7
B	Test/java_enum.java	7
i	Test/java_enum.java	8
C.FancyEnum.i	Test/java_enum.java	8
FancyEnum	Test/java_enum.java	9
C.FancyEnum.FancyEnum	Test/java_enum.java	9
m	Test/java_enum.java	12
C.FancyEnum.m	Test/java_enum.java	12
bug556646.c	Test/bug556646.c	1
INDX_NIL	Test/bug556646.c	19
INDX_P	Test/bug556646.c	20
INDX_S	Test/bug556646.c	21
INDX_M	Test/bug556646.c	22
INDX_S1	Test/bug556646.c	23
INDX_S2	Test/bug556646.c	24
INDX_S3	Test/bug556646.c	25
INDX_C1	Test/bug556646.c	26
INDX_C2	Test/bug556646.c	27
INDX_S4	Test/bug556646.c	28
INDX_T	Test/bug556646.c	29
INDX_L	Test/bug556646.c	30
INDX_R	Test/bug556646.c	31
INDX_R2	Test/bug556646.c	32
INDX_IM1	Test/bug556646.c	33
INDX_IM2	Test/bug556646.c	34
INDX_L2	Test/bug556646.c	35
INDX_T2	Test/bug556646.c	36
A	Test/bug556646.c	37
task_indx_type	Test/bug556646.c	38
bug1906062.py	Test/bug1906062.py	1
local.c	Test/local.c	1
main	Test/local.c	1
a	Test/local.c	3
b	Test/local.c	4
isContextualKeyword	Test/local.c	8
result	Test/local.c	10
stdcall.f	Test/stdcall.f	1
RELABS	Test/stdcall.f	5
NOUT	Test/stdcall.f	6
N	Test/stdcall.f	8
IW	Test/stdcall.f	8
H	Test/stdcall.f	11
XEND	Test/stdcall.f	11
K	Test/stdcall.f	12
PI	Test/stdcall.f	14
TOL	Test/stdcall.f	14
X	Test/stdcall.f	14
I	Test/stdcall.f	15
IFAIL	Test/stdcall.f	15
J	Test/stdcall.f	15
W	Test/stdcall.f	17
Y	Test/stdcall.f	17
D02CJW	Test/stdcall.f	19
G	Test/stdcall.f	19
X01AAF	Test/stdcall.f	19
20	Test/stdcall.f	52
40	Test/stdcall.f	71
60	Test/stdcall.f	91
80	Test/stdcall.f	113
99999	Test/stdcall.f	116
99998	Test/stdcall.f	117
99997	Test/stdcall.f	118
99996	Test/stdcall.f	119
OUT	Test/stdcall.f	122
99999	Test/stdcall.f	147
FCN	Test/stdcall.f	150
G	Test/stdcall.f	167
maze.erl	Test/maze.erl	1
maze	Test/maze.erl	1
build	Test/maze.erl	47
generate	Test/maze.erl	53
generate	Test/maze.erl	60
tot_new	Test/maze.erl	75
tot_get	Test/maze.erl	78
tot_put	Test/maze.erl	81
tot_print	Test/maze.erl	84
tot_print	Test/maze.erl	86
tot_print	Test/maze.erl	90
tot_print_tuple	Test/maze.erl	91
tot_print_tuple	Test/maze.erl	93
tot_print_tuple	Test/maze.erl	96
seed	Test/maze.erl	103
pick	Test/maze.erl	111
pick	Test/maze.erl	113
scramble	Test/maze.erl	118
scramble	Test/maze.erl	120
scramble	Test/maze.erl	122
scramble	Test/maze.erl	123
bug2075402.py	Test/bug2075402.py	1
y	Test/bug2075402.py	1
x	Test/bug2075402.py	2
bug1944150.sql	Test/bug1944150.sql	1
cash_trade_comment.	Test/bug1944150.sql	1
verbatim.e	Test/verbatim.e	1
VERBATIM	Test/verbatim.e	7
constant	Test/verbatim.e	11
VERBATIM.constant	Test/verbatim.e	11
cpp_query	Test/verbatim.e	17
VERBATIM.cpp_query	Test/verbatim.e	17
tail_attribute	Test/verbatim.e	25
VERBATIM.tail_attribute	Test/verbatim.e	25
namespace.cpp	Test/namespace.cpp	1
anon_f	Test/namespace.cpp	2
__anon8::anon_f	Test/namespace.cpp	2
a	Test/namespace.cpp	5
a_f	Test/namespace.cpp	6
a::a_f	Test/namespace.cpp	6
b	Test/namespace.cpp	7
a::b	Test/namespace.cpp	7
a_b_f	Test/namespace.cpp	8
a::b::a_b_f	Test/namespace.cpp	8
bug961001.v	Test/bug961001.v	1
HOSTA	Test/bug961001.v	13
HOSTB	Test/bug961001.v	14
HOSTC	Test/bug961001.v	15
HOSTD	Test/bug961001.v	16
GUESTA	Test/bug961001.v	18
GUESTB	Test/bug961001.v	19
GUESTC	Test/bug961001.v	20
GUESTD	Test/bug961001.v	21
bug722501.sql	Test/bug722501.sql	1
foo	Test/bug722501.sql	6
objectivec_protocol.h	Test/objectivec_protocol.h	1
keyword_delegate.cs	Test/keyword_delegate.cs	1
MyDelegate	Test/keyword_delegate.cs	3
Program	Test/keyword_delegate.cs	5
Main	Test/keyword_delegate.cs	7
Program.Main	Test/keyword_delegate.cs	7
TakesADelegate	Test/keyword_delegate.cs	12
Program.TakesADelegate	Test/keyword_delegate.cs	12
DelegateFunction	Test/keyword_delegate.cs	17
Program.DelegateFunction	Test/keyword_delegate.cs	17
MyDelegate	Test/keyword_delegate.cs	28
MyClass	Test/keyword_delegate.cs	30
InstanceMethod	Test/keyword_delegate.cs	32
MyClass.InstanceMethod	Test/keyword_delegate.cs	32
StaticMethod	Test/keyword_delegate.cs	37
MyClass.StaticMethod	Test/keyword_delegate.cs	37
MainClass	Test/keyword_delegate.cs	43
Main	Test/keyword_delegate.cs	45
MainClass.Main	Test/keyword_delegate.cs	45
invalid_name.f90	Test/invalid_name.f90	1
TR_DetectionRecording	Test/invalid_name.f90	2
DR_Lun	Test/invalid_name.f90	5
DR_Filename	Test/invalid_name.f90	6
Detection_Record	Test/invalid_name.f90	7
Activity	Test/invalid_name.f90	8
Type	Test/invalid_name.f90	9
Face	Test/invalid_name.f90	10
test.vhd	Test/test.vhd	1
badger	Test/test.vhd	1
badger2	Test/test.vhd	4
accumulator	Test/test.vhd	13
adder	Test/test.vhd	41
pAdderAttr	Test/test.vhd	57
adder	Test/test.vhd	94
AND2	Test/test.vhd	114
asyncLoad	Test/test.vhd	131
BidirBuf	Test/test.vhd	155
BidirCnt	Test/test.vhd	178
BIDIR	Test/test.vhd	231
bidirbuffer	Test/test.vhd	253
clkGen	Test/test.vhd	275
numClks	Test/test.vhd	285
numPatterns	Test/test.vhd	286
clkTableType	Test/test.vhd	288
clkTable	Test/test.vhd	290
counter	Test/test.vhd	332
count8	Test/test.vhd	362
counter	Test/test.vhd	385
counter	Test/test.vhd	415
counter	Test/test.vhd	445
counter	Test/test.vhd	482
Cnt4Term	Test/test.vhd	516
Counter	Test/test.vhd	543
counter	Test/test.vhd	571
convertArith	Test/test.vhd	601
Const	Test/test.vhd	610
FEWGATES	Test/test.vhd	623
THREE	Test/test.vhd	631
typeConvert	Test/test.vhd	644
Const	Test/test.vhd	651
counter	Test/test.vhd	664
counter	Test/test.vhd	691
counter	Test/test.vhd	719
counter	Test/test.vhd	749
counter	Test/test.vhd	779
decoder	Test/test.vhd	808
isa_dec	Test/test.vhd	825
CtrlRegRange	Test/test.vhd	837
SuperIoRange	Test/test.vhd	838
IntCtrlReg	Test/test.vhd	840
IoIntStatReg	Test/test.vhd	841
RstCtrlReg	Test/test.vhd	842
AtcStatusReg	Test/test.vhd	843
MgmtStatusReg	Test/test.vhd	844
isa_dec	Test/test.vhd	909
CtrlRegRange	Test/test.vhd	925
SuperIoRange	Test/test.vhd	926
IntCtrlReg	Test/test.vhd	928
IoIntStatReg	Test/test.vhd	929
RstCtrlReg	Test/test.vhd	930
AtcStatusReg	Test/test.vhd	931
MgmtStatusReg	Test/test.vhd	932
isa_dec	Test/test.vhd	987
CtrlRegRange	Test/test.vhd	1003
SuperIoRange	Test/test.vhd	1004
IntCtrlReg	Test/test.vhd	1006
IoIntStatReg	Test/test.vhd	1007
RstCtrlReg	Test/test.vhd	1008
AtcStatusReg	Test/test.vhd	1009
MgmtStatusReg	Test/test.vhd	1010
isa_dec	Test/test.vhd	1035
CtrlRegRange	Test/test.vhd	1052
SuperIoRange	Test/test.vhd	1053
IntCtrlReg	Test/test.vhd	1055
IoIntStatReg	Test/test.vhd	1056
RstCtrlReg	Test/test.vhd	1057
AtcStatusReg	Test/test.vhd	1058
MgmtStatusReg	Test/test.vhd	1059
isa_dec	Test/test.vhd	1118
CtrlRegRange	Test/test.vhd	1135
SuperIoRange	Test/test.vhd	1136
IntCtrlReg	Test/test.vhd	1138
IoIntStatReg	Test/test.vhd	1139
RstCtrlReg	Test/test.vhd	1140
AtcStatusReg	Test/test.vhd	1141
MgmtStatusReg	Test/test.vhd	1142
isa_dec	Test/test.vhd	1225
CtrlRegRange	Test/test.vhd	1241
SuperIoRange	Test/test.vhd	1242
IntCtrlReg	Test/test.vhd	1244
IoIntStatReg	Test/test.vhd	1245
RstCtrlReg	Test/test.vhd	1246
AtcStatusReg	Test/test.vhd	1247
MgmtStatusReg	Test/test.vhd	1248
decProcs	Test/test.vhd	1307
decProcs	Test/test.vhd	1314
DEC2x4	Test/test.vhd	1316
isa_dec	Test/test.vhd	1338
CtrlRegRange	Test/test.vhd	1354
SuperIoRange	Test/test.vhd	1355
IntCtrlReg	Test/test.vhd	1357
IoIntStatReg	Test/test.vhd	1358
RstCtrlReg	Test/test.vhd	1359
AtcStatusReg	Test/test.vhd	1360
MgmtStatusReg	Test/test.vhd	1361
progPulse	Test/test.vhd	1396
DFF	Test/test.vhd	1481
DFF	Test/test.vhd	1505
DFF	Test/test.vhd	1529
DFF	Test/test.vhd	1557
DFF	Test/test.vhd	1581
DFF	Test/test.vhd	1605
DFF	Test/test.vhd	1631
DFFE	Test/test.vhd	1656
DFF	Test/test.vhd	1679
DFF	Test/test.vhd	1703
DFFE_SR	Test/test.vhd	1728
flipFlop	Test/test.vhd	1760
dff	Test/test.vhd	1768
DFF	Test/test.vhd	1787
DFF	Test/test.vhd	1810
DFFE_SR	Test/test.vhd	1839
DFF	Test/test.vhd	1871
struct_dffe_sr	Test/test.vhd	1896
DFF	Test/test.vhd	1924
struct_dffe	Test/test.vhd	1950
dffTri	Test/test.vhd	1977
tribufType	Test/test.vhd	1990
ip	Test/test.vhd	1991
oe	Test/test.vhd	1992
op	Test/test.vhd	1993
tribufArrayType	Test/test.vhd	1996
DFF	Test/test.vhd	2016
TRIBUF	Test/test.vhd	2039
DLATCHH	Test/test.vhd	2062
DLATCHH	Test/test.vhd	2083
struct_dlatch	Test/test.vhd	2104
downCounter	Test/test.vhd	2130
compareDC	Test/test.vhd	2170
encoder	Test/test.vhd	2191
encoder	Test/test.vhd	2237
encoder	Test/test.vhd	2279
compare	Test/test.vhd	2304
LogicFcn	Test/test.vhd	2327
LogicFcn	Test/test.vhd	2355
LogicFcn	Test/test.vhd	2376
SimDFF	Test/test.vhd	2408
tCQ	Test/test.vhd	2416
tS	Test/test.vhd	2417
tH	Test/test.vhd	2418
DFF	Test/test.vhd	2449
DFF	Test/test.vhd	2469
FEWGATES	Test/test.vhd	2533
FEWGATES	Test/test.vhd	2590
FEWGATES	Test/test.vhd	2650
FEWGATES	Test/test.vhd	2686
GatesPkg	Test/test.vhd	2709
FEWGATES	Test/test.vhd	2737
AND2	Test/test.vhd	2771
OR2	Test/test.vhd	2789
INVERTER	Test/test.vhd	2807
FEWGATES	Test/test.vhd	2824
simHierarchy	Test/test.vhd	2879
INVERTER	Test/test.vhd	2921
io1164	Test/test.vhd	2987
io1164	Test/test.vhd	3097
char2char_t	Test/test.vhd	3104
lowcase	Test/test.vhd	3105
f_logic_to_character_t	Test/test.vhd	3129
f_logic_to_character	Test/test.vhd	3131
x_charcode	Test/test.vhd	3146
maxoct_charcode	Test/test.vhd	3147
maxhex_charcode	Test/test.vhd	3148
bad_charcode	Test/test.vhd	3149
digit2int_t	Test/test.vhd	3151
octdigit2int	Test/test.vhd	3153
hexdigit2int	Test/test.vhd	3157
oct_bits_per_digit	Test/test.vhd	3164
hex_bits_per_digit	Test/test.vhd	3165
int2octdigit_t	Test/test.vhd	3167
int2octdigit	Test/test.vhd	3169
int2hexdigit_t	Test/test.vhd	3173
int2hexdigit	Test/test.vhd	3175
oct_logic_vector_t	Test/test.vhd	3181
octint2logic_t	Test/test.vhd	3183
octint2logic	Test/test.vhd	3185
hex_logic_vector_t	Test/test.vhd	3197
hexint2logic_t	Test/test.vhd	3199
hexint2logic	Test/test.vhd	3201
read	Test/test.vhd	3236
read	Test/test.vhd	3308
read	Test/test.vhd	3322
read	Test/test.vhd	3393
write	Test/test.vhd	3411
write	Test/test.vhd	3442
read_oct	Test/test.vhd	3488
read_oct	Test/test.vhd	3589
write_oct	Test/test.vhd	3599
read_hex	Test/test.vhd	3694
read_hex	Test/test.vhd	3795
write_hex	Test/test.vhd	3805
read_oct	Test/test.vhd	3905
read_oct	Test/test.vhd	3961
read_hex	Test/test.vhd	3978
read_hex	Test/test.vhd	4034
asyncLdCnt	Test/test.vhd	4051
LoadCnt	Test/test.vhd	4079
loadCntTB	Test/test.vhd	4118
vectorType	Test/test.vhd	4133
data	Test/test.vhd	4134
load	Test/test.vhd	4135
rst	Test/test.vhd	4136
q	Test/test.vhd	4137
ClkPeriod	Test/test.vhd	4144
loadCnt	Test/test.vhd	4218
multiplier	Test/test.vhd	4252
mux	Test/test.vhd	4268
tPD_A	Test/test.vhd	4277
tPD_B	Test/test.vhd	4278
tPD_Sel	Test/test.vhd	4279
ForceShare	Test/test.vhd	4314
TRIBUF8	Test/test.vhd	4342
TRIBUF	Test/test.vhd	4359
TRIBUF8	Test/test.vhd	4376
TRIBUF	Test/test.vhd	4399
TRIBUF	Test/test.vhd	4422
tribuffer	Test/test.vhd	4447
oddParityGen	Test/test.vhd	4469
oddParityLoop	Test/test.vhd	4496
OR2	Test/test.vhd	4525
OR2	Test/test.vhd	4543
simPrimitives	Test/test.vhd	4559
OR2	Test/test.vhd	4575
adder	Test/test.vhd	4594
paramDFF	Test/test.vhd	4618
oddParityGen	Test/test.vhd	4655
oddParityGen	Test/test.vhd	4694
powerOfFour	Test/test.vhd	4766
Pow	Test/test.vhd	4775
PowerPkg	Test/test.vhd	4801
Power	Test/test.vhd	4813
Pow	Test/test.vhd	4824
RollVal	Test/test.vhd	4836
priority_encoder	Test/test.vhd	4855
primitive	Test/test.vhd	4893
DFFE	Test/test.vhd	4959
DFFE_SR	Test/test.vhd	4983
DLATCHH	Test/test.vhd	5014
AND2	Test/test.vhd	5037
OR2	Test/test.vhd	5056
INVERTER	Test/test.vhd	5076
TRIBUF	Test/test.vhd	5094
BIDIR	Test/test.vhd	5113
progPulse	Test/test.vhd	5134
fsmType	Test/test.vhd	5149
loadDelayCnt	Test/test.vhd	5150
waitDelayEnd	Test/test.vhd	5151
loadLengthCnt	Test/test.vhd	5152
waitLengthEnd	Test/test.vhd	5153
pulseErr	Test/test.vhd	5275
progPulse	Test/test.vhd	5298
progPulseFsmType	Test/test.vhd	5313
progPulseFsm	Test/test.vhd	5437
progPulseFsmType	Test/test.vhd	5456
stateVec	Test/test.vhd	5457
stateBits	Test/test.vhd	5458
stateTable	Test/test.vhd	5462
progPulseFsm	Test/test.vhd	5536
progPulseFsmType	Test/test.vhd	5555
powerOfFour	Test/test.vhd	5652
powerOfFour	Test/test.vhd	5677
Pow	Test/test.vhd	5686
powerOfFour	Test/test.vhd	5711
Pow	Test/test.vhd	5720
regFile	Test/test.vhd	5743
reg	Test/test.vhd	5754
regArray	Test/test.vhd	5755
DFF	Test/test.vhd	5810
resFcnDemo	Test/test.vhd	5835
scaleDFF	Test/test.vhd	5855
sevenSegment	Test/test.vhd	5878
sevenSegmentTB	Test/test.vhd	5968
vector	Test/test.vhd	5980
bcdStimulus	Test/test.vhd	5981
sevSegOut	Test/test.vhd	5982
NumVectors	Test/test.vhd	5985
PropDelay	Test/test.vhd	5986
SimLoopDelay	Test/test.vhd	5987
vectorArray	Test/test.vhd	5989
vectorTable	Test/test.vhd	5990
sevenSegment	Test/test.vhd	6062
ForceShare	Test/test.vhd	6141
shifter	Test/test.vhd	6172
lastAssignment	Test/test.vhd	6204
signalDemo	Test/test.vhd	6233
signalDemo	Test/test.vhd	6261
simPrimitives	Test/test.vhd	6289
OR2	Test/test.vhd	6316
SimDFF	Test/test.vhd	6337
SRFF	Test/test.vhd	6379
SRFF	Test/test.vhd	6403
scaleable	Test/test.vhd	6427
scaleUpCnt	Test/test.vhd	6441
pci_target	Test/test.vhd	6487
targetFsmType	Test/test.vhd	6515
Idle	Test/test.vhd	6517
B_Busy	Test/test.vhd	6518
Backoff	Test/test.vhd	6519
S_Data	Test/test.vhd	6520
Turn_Ar	Test/test.vhd	6521
pci_target	Test/test.vhd	6669
targetFsmType	Test/test.vhd	6697
Idle	Test/test.vhd	6699
B_Busy	Test/test.vhd	6700
Backoff	Test/test.vhd	6701
S_Data	Test/test.vhd	6702
Turn_Ar	Test/test.vhd	6703
pci_target	Test/test.vhd	6851
targetFsmType	Test/test.vhd	6879
Idle	Test/test.vhd	6881
B_Busy	Test/test.vhd	6882
Backoff	Test/test.vhd	6883
S_Data	Test/test.vhd	6884
Turn_Ar	Test/test.vhd	6885
pci_target	Test/test.vhd	7033
targetFsmType	Test/test.vhd	7061
Idle	Test/test.vhd	7063
B_Busy	Test/test.vhd	7064
Backoff	Test/test.vhd	7065
S_Data	Test/test.vhd	7066
Turn_Ar	Test/test.vhd	7067
pci_target	Test/test.vhd	7215
targetFsmType	Test/test.vhd	7243
Idle	Test/test.vhd	7245
B_Busy	Test/test.vhd	7246
Backoff	Test/test.vhd	7247
S_Data	Test/test.vhd	7248
Turn_Ar	Test/test.vhd	7249
Dont_Care	Test/test.vhd	7250
pci_target	Test/test.vhd	7408
targetFsmType	Test/test.vhd	7435
pci_target	Test/test.vhd	7595
targetFsmType	Test/test.vhd	7622
Idle	Test/test.vhd	7624
B_Busy	Test/test.vhd	7625
Backoff	Test/test.vhd	7626
S_Data	Test/test.vhd	7627
Turn_Ar	Test/test.vhd	7628
pci_target	Test/test.vhd	7787
targetFsmType	Test/test.vhd	7815
Idle	Test/test.vhd	7817
B_Busy	Test/test.vhd	7818
Backoff	Test/test.vhd	7819
S_Data	Test/test.vhd	7820
Turn_Ar	Test/test.vhd	7821
pci_target	Test/test.vhd	7979
targetFsmType	Test/test.vhd	8006
Idle	Test/test.vhd	8008
B_Busy	Test/test.vhd	8009
Backoff	Test/test.vhd	8010
S_Data	Test/test.vhd	8011
Turn_Ar	Test/test.vhd	8012
test	Test/test.vhd	8161
bug2747828.v	Test/bug2747828.v	1
ramaddr_0	Test/bug2747828.v	1
infinite_loop.java	Test/infinite_loop.java	1
C	Test/infinite_loop.java	1
bd32.s	Test/bd32.s	1
signon	Test/bd32.s	13
CRLF	Test/bd32.s	14
TEST	Test/bd32.s	19
test_1	Test/bd32.s	28
test_error	Test/bd32.s	40
indexer.cs	Test/indexer.cs	1
IndexerClass	Test/indexer.cs	3
myArray	Test/indexer.cs	5
IndexerClass.myArray	Test/indexer.cs	5
MainClass	Test/indexer.cs	24
Main	Test/indexer.cs	26
MainClass.Main	Test/indexer.cs	26
bug1111214-j-chan.v	Test/bug1111214-j-chan.v	1
top	Test/bug1111214-j-chan.v	4
outsig	Test/bug1111214-j-chan.v	5
insig	Test/bug1111214-j-chan.v	6
regexp.js	Test/regexp.js	1
no_re1	Test/regexp.js	22
no_re2	Test/regexp.js	23
no_re3	Test/regexp.js	24
no_re4	Test/regexp.js	25
no_re5	Test/regexp.js	26
no_re6	Test/regexp.js	27
re1	Test/regexp.js	29
re2	Test/regexp.js	30
re3	Test/regexp.js	31
re4	Test/regexp.js	32
re5	Test/regexp.js	33
re6	Test/regexp.js	34
str1	Test/regexp.js	36
str2	Test/regexp.js	37
bug1938565.sql	Test/bug1938565.sql	1
demo_pkg	Test/bug1938565.sql	1
demo_pkg.func1	Test/bug1938565.sql	7
demo_pkg.func2	Test/bug1938565.sql	12
bug1447756.java	Test/bug1447756.java	1
Foo	Test/bug1447756.java	5
bar	Test/bug1447756.java	6
Foo.bar	Test/bug1447756.java	6
enum.c	Test/enum.c	1
test_enumeration	Test/enum.c	1
ENUM_1	Test/enum.c	2
ENUM_2	Test/enum.c	3
ENUM_3	Test/enum.c	4
simple.rb	Test/simple.rb	1
ModuleExample	Test/simple.rb	3
ClassExample	Test/simple.rb	4
class_method	Test/simple.rb	5
singleton_class_method	Test/simple.rb	8
class_method_exclamation!	Test/simple.rb	11
class_method_question?	Test/simple.rb	14
`	Test/simple.rb	17
module_method	Test/simple.rb	21
singleton_module_method	Test/simple.rb	24
1795612.js	Test/1795612.js	1
request_id	Test/1795612.js	12
asyncRequest	Test/1795612.js	14
asyncMethod	Test/1795612.js	21
RPC	Test/1795612.js	10
simple.mak	Test/simple.mak	1
A	Test/simple.mak	1
B	Test/simple.mak	2
C	Test/simple.mak	3
D	Test/simple.mak	6
E	Test/simple.mak	7
F	Test/simple.mak	10
G	Test/simple.mak	14
H	Test/simple.mak	15
I	Test/simple.mak	16
readlong.sql	Test/readlong.sql	1
longtable	Test/readlong.sql	13
longtable.longcol	Test/readlong.sql	13
cur1	Test/readlong.sql	17
rc	Test/readlong.sql	18
long_piece	Test/readlong.sql	19
piece_len	Test/readlong.sql	20
long_tab	Test/readlong.sql	21
long_len	Test/readlong.sql	22
bug1777340.java	Test/bug1777340.java	1
bug1777340	Test/bug1777340.java	1
Ó	Test/bug1777340.java	2
bug1777340.Ó	Test/bug1777340.java	2
m	Test/bug1777340.java	3
bug1777340.m	Test/bug1777340.java	3
keyword_event.cs	Test/keyword_event.cs	1
MyDelegate	Test/keyword_event.cs	3
I	Test/keyword_event.cs	5
MyEvent	Test/keyword_event.cs	7
I.MyEvent	Test/keyword_event.cs	7
FireAway	Test/keyword_event.cs	8
I.FireAway	Test/keyword_event.cs	8
MyClass	Test/keyword_event.cs	11
MyEvent	Test/keyword_event.cs	13
MyClass.MyEvent	Test/keyword_event.cs	13
FireAway	Test/keyword_event.cs	15
MyClass.FireAway	Test/keyword_event.cs	15
MainClass	Test/keyword_event.cs	22
f	Test/keyword_event.cs	24
MainClass.f	Test/keyword_event.cs	24
Main	Test/keyword_event.cs	29
MainClass.Main	Test/keyword_event.cs	29
MyDelegate1	Test/keyword_event.cs	42
MyDelegate2	Test/keyword_event.cs	43
MyDelegate3	Test/keyword_event.cs	44
MyDelegate4	Test/keyword_event.cs	45
PropertyEventsSample	Test/keyword_event.cs	47
eventTable	Test/keyword_event.cs	49
PropertyEventsSample.eventTable	Test/keyword_event.cs	49
Event1	Test/keyword_event.cs	51
PropertyEventsSample.Event1	Test/keyword_event.cs	51
Event2	Test/keyword_event.cs	63
PropertyEventsSample.Event2	Test/keyword_event.cs	63
Event3	Test/keyword_event.cs	75
PropertyEventsSample.Event3	Test/keyword_event.cs	75
Event4	Test/keyword_event.cs	87
PropertyEventsSample.Event4	Test/keyword_event.cs	87
Event5	Test/keyword_event.cs	99
PropertyEventsSample.Event5	Test/keyword_event.cs	99
Event6	Test/keyword_event.cs	111
PropertyEventsSample.Event6	Test/keyword_event.cs	111
MyClass	Test/keyword_event.cs	124
Main	Test/keyword_event.cs	126
MyClass.Main	Test/keyword_event.cs	126
MyDelegate1	Test/keyword_event.cs	134
I1	Test/keyword_event.cs	136
MyEvent	Test/keyword_event.cs	138
I1.MyEvent	Test/keyword_event.cs	138
MyDelegate2	Test/keyword_event.cs	141
I2	Test/keyword_event.cs	143
MyEvent	Test/keyword_event.cs	145
I2.MyEvent	Test/keyword_event.cs	145
ExplicitEventsSample	Test/keyword_event.cs	148
MyEvent	Test/keyword_event.cs	150
ExplicitEventsSample.MyEvent	Test/keyword_event.cs	150
I2.MyEvent	Test/keyword_event.cs	152
ExplicitEventsSample.I2.MyEvent	Test/keyword_event.cs	152
MyEvent2Storage	Test/keyword_event.cs	164
ExplicitEventsSample.MyEvent2Storage	Test/keyword_event.cs	164
FireEvents	Test/keyword_event.cs	166
ExplicitEventsSample.FireEvents	Test/keyword_event.cs	166
MyClass	Test/keyword_event.cs	175
Main	Test/keyword_event.cs	177
MyClass.Main	Test/keyword_event.cs	177
dopbl2.f	Test/dopbl2.f	1
DOPBL2	Test/dopbl2.f	2
simple.pb	Test/simple.pb	1
a.l	Test/simple.pb	3
b.l	Test/simple.pb	4
test	Test/simple.pb	6
f.l	Test/simple.pb	11
start	Test/simple.pb	15
namelist.f	Test/namelist.f	1
main	Test/namelist.f	1
namelist1	Test/namelist.f	2
namelist2	Test/namelist.f	3
namelist3	Test/namelist.f	3
3214129.vim	Test/3214129.vim	1
loaded_hgcommand	Test/3214129.vim	35
HGCommand	Test/3214129.vim	44
s:HGCommandEditFileRunning	Test/3214129.vim	52
HGResolveLink	Test/3214129.vim	63
HGChangeToCurrentFileDir	Test/3214129.vim	75
HGGetOption	Test/3214129.vim	89
HGEditFile	Test/3214129.vim	109
HGCreateCommandBuffer	Test/3214129.vim	152
HGBufferCheck	Test/3214129.vim	239
HGCurrentBufferCheck	Test/3214129.vim	258
HGToggleDeleteOnHide	Test/3214129.vim	265
HGDoCommand	Test/3214129.vim	277
HGGetStatusVars	Test/3214129.vim	316
HGSetupBuffer	Test/3214129.vim	378
HGMarkOrigBufferForSetup	Test/3214129.vim	427
HGOverrideOption	Test/3214129.vim	443
HGWipeoutCommandBuffers	Test/3214129.vim	454
HGInstallDocumentation	Test/3214129.vim	477
HGGetRevision	Test/3214129.vim	589
HGDisableBufferSetup	Test/3214129.vim	598
HGEnableBufferSetup	Test/3214129.vim	606
HGGetStatusLine	Test/3214129.vim	625
HGAdd	Test/3214129.vim	653
HGAnnotate	Test/3214129.vim	658
HGCommit	Test/3214129.vim	693
HGDiff	Test/3214129.vim	777
HGGotoOriginal	Test/3214129.vim	806
HGFinishCommit	Test/3214129.vim	831
HGLog	Test/3214129.vim	849
HGRevert	Test/3214129.vim	866
HGReview	Test/3214129.vim	871
HGStatus	Test/3214129.vim	897
HGUpdate	Test/3214129.vim	903
HGVimDiff	Test/3214129.vim	908
HGAdd	Test/3214129.vim	1019
HGAnnotate	Test/3214129.vim	1020
HGCommit	Test/3214129.vim	1021
HGDiff	Test/3214129.vim	1022
HGGotoOriginal	Test/3214129.vim	1023
HGLog	Test/3214129.vim	1024
HGRevert	Test/3214129.vim	1025
HGReview	Test/3214129.vim	1026
HGStatus	Test/3214129.vim	1027
HGUpdate	Test/3214129.vim	1028
HGVimDiff	Test/3214129.vim	1029
HGDisableBufferSetup	Test/3214129.vim	1032
HGEnableBufferSetup	Test/3214129.vim	1033
HGReload	Test/3214129.vim	1036
<Plug>HGAdd	Test/3214129.vim	1039
<Plug>HGAnnotate	Test/3214129.vim	1040
<Plug>HGCommit	Test/3214129.vim	1041
<Plug>HGDiff	Test/3214129.vim	1042
<Plug>HGGotoOriginal	Test/3214129.vim	1043
<Plug>HGClearAndGotoOriginal	Test/3214129.vim	1044
<Plug>HGLog	Test/3214129.vim	1045
<Plug>HGRevert	Test/3214129.vim	1046
<Plug>HGReview	Test/3214129.vim	1047
<Plug>HGStatus	Test/3214129.vim	1048
<Plug>HGUpdate	Test/3214129.vim	1049
<Plug>HGVimDiff	Test/3214129.vim	1050
<Plug>HGWatchers	Test/3214129.vim	1051
<Plug>HGWatchAdd	Test/3214129.vim	1052
<Plug>HGWatchOn	Test/3214129.vim	1053
<Plug>HGWatchOff	Test/3214129.vim	1054
<Plug>HGWatchRemove	Test/3214129.vim	1055
<Leader>hga	Test/3214129.vim	1059
<Leader>hgn	Test/3214129.vim	1062
<Leader>hgG	Test/3214129.vim	1065
<Leader>hgc	Test/3214129.vim	1068
<Leader>hgd	Test/3214129.vim	1071
<Leader>hgg	Test/3214129.vim	1074
<Leader>hgl	Test/3214129.vim	1077
<Leader>hgq	Test/3214129.vim	1080
<Leader>hgr	Test/3214129.vim	1083
<Leader>hgs	Test/3214129.vim	1086
<Leader>hgu	Test/3214129.vim	1089
<Leader>hgv	Test/3214129.vim	1092
HGVimDiffRestore	Test/3214129.vim	1114
HGVimDiffRestore	Test/3214129.vim	1173
s:revision	Test/3214129.vim	1186
loaded_hgcommand	Test/3214129.vim	1197
before	Test/3214129.vim	1268
commit	Test/3214129.vim	1297
\add	Test/3214129.vim	1438
to	Test/3214129.vim	1573
HGCommand	Test/3214129.vim	1575
buffer	Test/3214129.vim	1586
no_terminator.js	Test/no_terminator.js	1
ts_resortTable	Test/no_terminator.js	1
getParent	Test/no_terminator.js	8
ts_sort_currency	Test/no_terminator.js	15
checkForUpdate	Test/no_terminator.js	20
checkForUpdate2	Test/no_terminator.js	26
3548393.vim	Test/3548393.vim	1
s:global_command	Test/3548393.vim	185
s:global_command	Test/3548393.vim	187
g:Gtags_OpenQuickfixWindow	Test/3548393.vim	194
g:Gtags_VerticalWindow	Test/3548393.vim	198
Gtags_Auto_Map	Test/3548393.vim	202
Gtags_Auto_Update	Test/3548393.vim	206
g:Gtags_Result	Test/3548393.vim	219
g:Gtags_Efm	Test/3548393.vim	220
g:Gtags_Result	Test/3548393.vim	223
g:Gtags_Efm	Test/3548393.vim	226
g:Gtags_Shell_Quote_Char	Test/3548393.vim	232
g:Gtags_Shell_Quote_Char	Test/3548393.vim	234
g:Gtags_Single_Quote_Char	Test/3548393.vim	239
g:Gtags_Double_Quote_Char	Test/3548393.vim	240
s:sq	Test/3548393.vim	242
s:dq	Test/3548393.vim	243
g:Gtags_Single_Quote_Char	Test/3548393.vim	244
g:Gtags_Double_Quote_Char	Test/3548393.vim	245
Error	Test/3548393.vim	252
Extract	Test/3548393.vim	260
TrimOption	Test/3548393.vim	323
ExecLoad	Test/3548393.vim	341
RunGlobal	Test/3548393.vim	409
GtagsCursor	Test/3548393.vim	438
Gozilla	Test/3548393.vim	448
GtagsAutoUpdate	Test/3548393.vim	456
GtagsCandidate	Test/3548393.vim	463
GtagsCandidateCore	Test/3548393.vim	468
Gtags	Test/3548393.vim	488
GtagsCursor	Test/3548393.vim	489
Gozilla	Test/3548393.vim	490
GtagsUpdate	Test/3548393.vim	491
loaded_gtags	Test/3548393.vim	507
bug1570779.sql	Test/bug1570779.sql	1
employees	Test/bug1570779.sql	8
employees.id	Test/bug1570779.sql	9
employees.name	Test/bug1570779.sql	10
employees.address	Test/bug1570779.sql	11
events.cs	Test/events.cs	1
MyCollections	Test/events.cs	3
ChangedEventHandler	Test/events.cs	8
MyCollections.ChangedEventHandler	Test/events.cs	8
ListWithChangedEvent	Test/events.cs	12
MyCollections.ListWithChangedEvent	Test/events.cs	12
Changed	Test/events.cs	16
MyCollections.ListWithChangedEvent.Changed	Test/events.cs	16
OnChanged	Test/events.cs	19
MyCollections.ListWithChangedEvent.OnChanged	Test/events.cs	19
Add	Test/events.cs	27
MyCollections.ListWithChangedEvent.Add	Test/events.cs	27
Clear	Test/events.cs	34
MyCollections.ListWithChangedEvent.Clear	Test/events.cs	34
TestEvents	Test/events.cs	51
EventListener	Test/events.cs	55
TestEvents.EventListener	Test/events.cs	55
List	Test/events.cs	57
TestEvents.EventListener.List	Test/events.cs	57
EventListener	Test/events.cs	59
TestEvents.EventListener.EventListener	Test/events.cs	59
ListChanged	Test/events.cs	67
TestEvents.EventListener.ListChanged	Test/events.cs	67
Detach	Test/events.cs	72
TestEvents.EventListener.Detach	Test/events.cs	72
Test	Test/events.cs	80
TestEvents.Test	Test/events.cs	80
Main	Test/events.cs	83
TestEvents.Test.Main	Test/events.cs	83
MyCollections	Test/events.cs	101
ListWithChangedEvent	Test/events.cs	107
MyCollections.ListWithChangedEvent	Test/events.cs	107
Changed	Test/events.cs	111
MyCollections.ListWithChangedEvent.Changed	Test/events.cs	111
OnChanged	Test/events.cs	114
MyCollections.ListWithChangedEvent.OnChanged	Test/events.cs	114
Add	Test/events.cs	122
MyCollections.ListWithChangedEvent.Add	Test/events.cs	122
Clear	Test/events.cs	129
MyCollections.ListWithChangedEvent.Clear	Test/events.cs	129
TestEvents	Test/events.cs	146
EventListener	Test/events.cs	150
TestEvents.EventListener	Test/events.cs	150
List	Test/events.cs	152
TestEvents.EventListener.List	Test/events.cs	152
EventListener	Test/events.cs	154
TestEvents.EventListener.EventListener	Test/events.cs	154
ListChanged	Test/events.cs	162
TestEvents.EventListener.ListChanged	Test/events.cs	162
Detach	Test/events.cs	167
TestEvents.EventListener.Detach	Test/events.cs	167
Test	Test/events.cs	175
TestEvents.Test	Test/events.cs	175
Main	Test/events.cs	178
TestEvents.Test.Main	Test/events.cs	178
bug2888482.js	Test/bug2888482.js	1
onsubmit	Test/bug2888482.js	8
scrollEditBox	Test/bug2888482.js	1
numlib.f90	Test/numlib.f90	1
numerical_libraries	Test/numlib.f90	2
keyword_public.cs	Test/keyword_public.cs	1
MyClass1	Test/keyword_public.cs	4
x	Test/keyword_public.cs	6
MyClass1.x	Test/keyword_public.cs	6
y	Test/keyword_public.cs	7
MyClass1.y	Test/keyword_public.cs	7
MyClass2	Test/keyword_public.cs	10
Main	Test/keyword_public.cs	12
MyClass2.Main	Test/keyword_public.cs	12
bug842077.pl	Test/bug842077.pl	1
test	Test/bug842077.pl	27
bug1086609.c	Test/bug1086609.c	1
func2	Test/bug1086609.c	31
jbrown.vr	Test/jbrown.vr	1
myProgram	Test/jbrown.vr	7
Transaction	Test/jbrown.vr	20
address	Test/jbrown.vr	22
Transactionaddress	Test/jbrown.vr	22
data	Test/jbrown.vr	23
Transactiondata	Test/jbrown.vr	23
new	Test/jbrown.vr	32
Transactionnew	Test/jbrown.vr	32
writeBus	Test/jbrown.vr	38
TransactionwriteBus	Test/jbrown.vr	38
bug670433.f90	Test/bug670433.f90	1
foobar	Test/bug670433.f90	23
foo	Test/bug670433.f90	27
f	Test/bug670433.f90	31
bar	Test/bug670433.f90	37
1880687.js	Test/1880687.js	1
a	Test/1880687.js	41
b	Test/1880687.js	48
c	Test/1880687.js	52
d	Test/1880687.js	57
e	Test/1880687.js	61
baz	Test/1880687.js	72
f	Test/1880687.js	66
g	Test/1880687.js	76
h	Test/1880687.js	82
i	Test/1880687.js	86
j	Test/1880687.js	92
k	Test/1880687.js	96
l	Test/1880687.js	104
m	Test/1880687.js	108
n	Test/1880687.js	117
o	Test/1880687.js	123
p	Test/1880687.js	130
q	Test/1880687.js	138
r	Test/1880687.js	142
s	Test/1880687.js	148
t	Test/1880687.js	152
u	Test/1880687.js	158
v	Test/1880687.js	164
w_sub1	Test/1880687.js	171
w_sub2	Test/1880687.js	177
w	Test/1880687.js	170
MyClass_sub1	Test/1880687.js	182
MyClass_sub2	Test/1880687.js	188
MyClass	Test/1880687.js	181
3184782.sql	Test/3184782.sql	1
p_test	Test/3184782.sql	1
p_test.do_this_stuff	Test/3184782.sql	3
p_test.process_this	Test/3184782.sql	20
p_test.myfn1	Test/3184782.sql	27
p_test.myfn2	Test/3184782.sql	34
bug852368.cpp	Test/bug852368.cpp	1
foo	Test/bug852368.cpp	25
lanus.for	Test/lanus.for	1
FEC010	Test/lanus.for	35
URE010	Test/lanus.for	36
REM010	Test/lanus.for	37
FAC010	Test/lanus.for	38
PER010	Test/lanus.for	40
readlob.sql	Test/readlob.sql	1
lob_table	Test/readlob.sql	12
lob_table.id	Test/readlob.sql	13
lob_table.b_lob	Test/readlob.sql	14
lob_table.c_lob	Test/readlob.sql	15
lob_table.b_file	Test/readlob.sql	16
clob_locator	Test/readlob.sql	22
charbuf	Test/readlob.sql	23
read_offset	Test/readlob.sql	24
read_amount	Test/readlob.sql	25
bug872494.cpp	Test/bug872494.cpp	1
TemplClass	Test/bug872494.cpp	29
i	Test/bug872494.cpp	29
TemplClass::i	Test/bug872494.cpp	29
TemplClass	Test/bug872494.cpp	31
i	Test/bug872494.cpp	31
TemplClass::i	Test/bug872494.cpp	31
FooClass2	Test/bug872494.cpp	33
bug726875.f90	Test/bug726875.f90	1
coma	Test/bug726875.f90	19
comb	Test/bug726875.f90	22
comc	Test/bug726875.f90	24
enum.java	Test/enum.java	1
e	Test/enum.java	1
A	Test/enum.java	2
B	Test/enum.java	3
C	Test/enum.java	4
D	Test/enum.java	5
E	Test/enum.java	6
F	Test/enum.java	7
string	Test/enum.java	10
e.string	Test/enum.java	10
shape	Test/enum.java	11
e.shape	Test/enum.java	11
twoKeywordsInARow	Test/enum.java	12
e.twoKeywordsInARow	Test/enum.java	12
getString	Test/enum.java	14
e.getString	Test/enum.java	14
getShape	Test/enum.java	17
e.getShape	Test/enum.java	17
attributes.cs	Test/attributes.cs	1
MyDllimportClass	Test/attributes.cs	1
TraceMethod	Test/attributes.cs	7
Author	Test/attributes.cs	11
Author	Test/attributes.cs	13
Author.Author	Test/attributes.cs	13
version	Test/attributes.cs	14
Author.version	Test/attributes.cs	14
name	Test/attributes.cs	15
Author.name	Test/attributes.cs	15
Author	Test/attributes.cs	20
initialization.f90	Test/initialization.f90	1
funcon	Test/initialization.f90	2
imat	Test/initialization.f90	5
imat6	Test/initialization.f90	9
bug699171.py	Test/bug699171.py	1
HEADER_TEMPLATE	Test/bug699171.py	4
Quit	Test/bug699171.py	8
bug1491666.c	Test/bug1491666.c	1
x	Test/bug1491666.c	3
__anon9::x	Test/bug1491666.c	3
y	Test/bug1491666.c	6
__anon9::y	Test/bug1491666.c	6
my_struct	Test/bug1491666.c	7
main	Test/bug1491666.c	9
var1	Test/bug1491666.c	10
var2	Test/bug1491666.c	12
bug629115.sql	Test/bug629115.sql	1
keyword_protected.cs	Test/keyword_protected.cs	1
MyClass	Test/keyword_protected.cs	3
x	Test/keyword_protected.cs	5
MyClass.x	Test/keyword_protected.cs	5
y	Test/keyword_protected.cs	6
MyClass.y	Test/keyword_protected.cs	6
MyDerivedC	Test/keyword_protected.cs	9
Main	Test/keyword_protected.cs	11
MyDerivedC.Main	Test/keyword_protected.cs	11
bug556645.c	Test/bug556645.c	1
A1	Test/bug556645.c	27
